<?xml version="1.0" encoding="ISO-8859-1" ?>
<link_info>
   <banner>TMS320C2000 Linker Unix v22.6.1.LTS</banner>
   <copyright>Copyright (c) 1996-2018 Texas Instruments Incorporated</copyright>
   <link_time>0x67e5f310</link_time>
   <link_errors>0x0</link_errors>
   <output_file>adc_ex2_soc_epwm.out</output_file>
   <entry_point>
      <name>code_start</name>
      <address>0x0</address>
   </entry_point>
   <input_file_list>
      <input_file id="fl-2">
         <path>./</path>
         <kind>object</kind>
         <file>adc_ex2_soc_epwm.obj</file>
         <name>adc_ex2_soc_epwm.obj</name>
      </input_file>
      <input_file id="fl-3">
         <path>./syscfg/</path>
         <kind>object</kind>
         <file>board.obj</file>
         <name>board.obj</name>
      </input_file>
      <input_file id="fl-4">
         <path>./syscfg/</path>
         <kind>object</kind>
         <file>c2000ware_libraries.obj</file>
         <name>c2000ware_libraries.obj</name>
      </input_file>
      <input_file id="fl-5">
         <path>./device/</path>
         <kind>object</kind>
         <file>device.obj</file>
         <name>device.obj</name>
      </input_file>
      <input_file id="fl-6">
         <path>./device/</path>
         <kind>object</kind>
         <file>f2838x_codestartbranch.obj</file>
         <name>f2838x_codestartbranch.obj</name>
      </input_file>
      <input_file id="fl-c">
         <kind>object</kind>
         <file>&lt;internal&gt;</file>
         <name>&lt;internal&gt;</name>
      </input_file>
      <input_file id="fl-d">
         <path>/Users/Shenshen/ti/C2000Ware_5_00_00_00/driverlib/f2838x/driverlib/ccs/Debug/</path>
         <kind>archive</kind>
         <file>driverlib.lib</file>
         <name>adc.obj</name>
      </input_file>
      <input_file id="fl-e">
         <path>/Users/Shenshen/ti/C2000Ware_5_00_00_00/driverlib/f2838x/driverlib/ccs/Debug/</path>
         <kind>archive</kind>
         <file>driverlib.lib</file>
         <name>cputimer.obj</name>
      </input_file>
      <input_file id="fl-f">
         <path>/Users/Shenshen/ti/C2000Ware_5_00_00_00/driverlib/f2838x/driverlib/ccs/Debug/</path>
         <kind>archive</kind>
         <file>driverlib.lib</file>
         <name>dcc.obj</name>
      </input_file>
      <input_file id="fl-10">
         <path>/Users/Shenshen/ti/C2000Ware_5_00_00_00/driverlib/f2838x/driverlib/ccs/Debug/</path>
         <kind>archive</kind>
         <file>driverlib.lib</file>
         <name>gpio.obj</name>
      </input_file>
      <input_file id="fl-11">
         <path>/Users/Shenshen/ti/C2000Ware_5_00_00_00/driverlib/f2838x/driverlib/ccs/Debug/</path>
         <kind>archive</kind>
         <file>driverlib.lib</file>
         <name>interrupt.obj</name>
      </input_file>
      <input_file id="fl-12">
         <path>/Users/Shenshen/ti/C2000Ware_5_00_00_00/driverlib/f2838x/driverlib/ccs/Debug/</path>
         <kind>archive</kind>
         <file>driverlib.lib</file>
         <name>ipc.obj</name>
      </input_file>
      <input_file id="fl-13">
         <path>/Users/Shenshen/ti/C2000Ware_5_00_00_00/driverlib/f2838x/driverlib/ccs/Debug/</path>
         <kind>archive</kind>
         <file>driverlib.lib</file>
         <name>sysctl.obj</name>
      </input_file>
      <input_file id="fl-1f">
         <path>/Applications/ti/ccs1281/ccs/tools/compiler/ti-cgt-c2000_22.6.1.LTS/lib/</path>
         <kind>archive</kind>
         <file>rts2800_fpu64_eabi.lib</file>
         <name>boot28.asm.obj</name>
      </input_file>
      <input_file id="fl-20">
         <path>/Applications/ti/ccs1281/ccs/tools/compiler/ti-cgt-c2000_22.6.1.LTS/lib/</path>
         <kind>archive</kind>
         <file>rts2800_fpu64_eabi.lib</file>
         <name>fs_div28.asm.obj</name>
      </input_file>
      <input_file id="fl-21">
         <path>/Applications/ti/ccs1281/ccs/tools/compiler/ti-cgt-c2000_22.6.1.LTS/lib/</path>
         <kind>archive</kind>
         <file>rts2800_fpu64_eabi.lib</file>
         <name>pre_init.c.obj</name>
      </input_file>
      <input_file id="fl-22">
         <path>/Applications/ti/ccs1281/ccs/tools/compiler/ti-cgt-c2000_22.6.1.LTS/lib/</path>
         <kind>archive</kind>
         <file>rts2800_fpu64_eabi.lib</file>
         <name>autoinit.c.obj</name>
      </input_file>
      <input_file id="fl-23">
         <path>/Applications/ti/ccs1281/ccs/tools/compiler/ti-cgt-c2000_22.6.1.LTS/lib/</path>
         <kind>archive</kind>
         <file>rts2800_fpu64_eabi.lib</file>
         <name>copy_zero_init.c.obj</name>
      </input_file>
      <input_file id="fl-24">
         <path>/Applications/ti/ccs1281/ccs/tools/compiler/ti-cgt-c2000_22.6.1.LTS/lib/</path>
         <kind>archive</kind>
         <file>rts2800_fpu64_eabi.lib</file>
         <name>copy_decompress_none.c.obj</name>
      </input_file>
      <input_file id="fl-25">
         <path>/Applications/ti/ccs1281/ccs/tools/compiler/ti-cgt-c2000_22.6.1.LTS/lib/</path>
         <kind>archive</kind>
         <file>rts2800_fpu64_eabi.lib</file>
         <name>copy_decompress_lzss.c.obj</name>
      </input_file>
      <input_file id="fl-26">
         <path>/Applications/ti/ccs1281/ccs/tools/compiler/ti-cgt-c2000_22.6.1.LTS/lib/</path>
         <kind>archive</kind>
         <file>rts2800_fpu64_eabi.lib</file>
         <name>exit.c.obj</name>
      </input_file>
      <input_file id="fl-27">
         <path>/Applications/ti/ccs1281/ccs/tools/compiler/ti-cgt-c2000_22.6.1.LTS/lib/</path>
         <kind>archive</kind>
         <file>rts2800_fpu64_eabi.lib</file>
         <name>_lock.c.obj</name>
      </input_file>
      <input_file id="fl-28">
         <path>/Applications/ti/ccs1281/ccs/tools/compiler/ti-cgt-c2000_22.6.1.LTS/lib/</path>
         <kind>archive</kind>
         <file>rts2800_fpu64_eabi.lib</file>
         <name>args_main.c.obj</name>
      </input_file>
      <input_file id="fl-29">
         <path>/Applications/ti/ccs1281/ccs/tools/compiler/ti-cgt-c2000_22.6.1.LTS/lib/</path>
         <kind>archive</kind>
         <file>rts2800_fpu64_eabi.lib</file>
         <name>memset.c.obj</name>
      </input_file>
      <input_file id="fl-2a">
         <path>/Applications/ti/ccs1281/ccs/tools/compiler/ti-cgt-c2000_22.6.1.LTS/lib/</path>
         <kind>archive</kind>
         <file>rts2800_fpu64_eabi.lib</file>
         <name>cpy_tbl.c.obj</name>
      </input_file>
      <input_file id="fl-2b">
         <path>/Applications/ti/ccs1281/ccs/tools/compiler/ti-cgt-c2000_22.6.1.LTS/lib/</path>
         <kind>archive</kind>
         <file>rts2800_fpu64_eabi.lib</file>
         <name>memcpy.c.obj</name>
      </input_file>
      <input_file id="fl-2c">
         <path>/Applications/ti/ccs1281/ccs/tools/compiler/ti-cgt-c2000_22.6.1.LTS/lib/</path>
         <kind>archive</kind>
         <file>rts2800_fpu64_eabi.lib</file>
         <name>startup.c.obj</name>
      </input_file>
   </input_file_list>
   <object_component_list>
      <object_component id="oc-29">
         <name>codestart</name>
         <load_address>0x0</load_address>
         <run_address>0x0</run_address>
         <size>0x2</size>
         <input_file_ref idref="fl-6"/>
      </object_component>
      <object_component id="oc-2e">
         <name>.text:INT_ADCD_BASE_1_ISR</name>
         <load_address>0x8000</load_address>
         <run_address>0x8000</run_address>
         <size>0x5c</size>
         <input_file_ref idref="fl-2"/>
      </object_component>
      <object_component id="oc-304">
         <name>.text:ADCA_BASE_init</name>
         <load_address>0x805c</load_address>
         <run_address>0x805c</run_address>
         <size>0x59</size>
         <input_file_ref idref="fl-3"/>
      </object_component>
      <object_component id="oc-590">
         <name>.text:ADC_setOffsetTrim</name>
         <load_address>0x80b5</load_address>
         <run_address>0x80b5</run_address>
         <size>0x54</size>
         <input_file_ref idref="fl-d"/>
      </object_component>
      <object_component id="oc-2e4">
         <name>.text:GPIO_setPadConfig</name>
         <load_address>0x8109</load_address>
         <run_address>0x8109</run_address>
         <size>0x52</size>
         <input_file_ref idref="fl-10"/>
      </object_component>
      <object_component id="oc-162">
         <name>.text:EPWM_isBaseValid</name>
         <load_address>0x815b</load_address>
         <run_address>0x815b</run_address>
         <size>0x4b</size>
         <input_file_ref idref="fl-2"/>
      </object_component>
      <object_component id="oc-526">
         <name>.text:EPWM_isBaseValid</name>
         <load_address>0x81a6</load_address>
         <run_address>0x81a6</run_address>
         <size>0x4b</size>
         <input_file_ref idref="fl-3"/>
      </object_component>
      <object_component id="oc-48e">
         <name>.text:SysCtl_pollX1Counter</name>
         <load_address>0x81f1</load_address>
         <run_address>0x81f1</run_address>
         <size>0x49</size>
         <input_file_ref idref="fl-13"/>
      </object_component>
      <object_component id="oc-1b5">
         <name>.text:main</name>
         <load_address>0x823a</load_address>
         <run_address>0x823a</run_address>
         <size>0x47</size>
         <input_file_ref idref="fl-2"/>
      </object_component>
      <object_component id="oc-2b4">
         <name>.text:SysCtl_selectOscSource</name>
         <load_address>0x8281</load_address>
         <run_address>0x8281</run_address>
         <size>0x42</size>
         <input_file_ref idref="fl-13"/>
      </object_component>
      <object_component id="oc-16a">
         <name>.text:EPWM_setActionQualifierAction</name>
         <load_address>0x82c3</load_address>
         <run_address>0x82c3</run_address>
         <size>0x40</size>
         <input_file_ref idref="fl-2"/>
      </object_component>
      <object_component id="oc-372">
         <name>.text:EPWM_setActionQualifierAction</name>
         <load_address>0x8303</load_address>
         <run_address>0x8303</run_address>
         <size>0x40</size>
         <input_file_ref idref="fl-3"/>
      </object_component>
      <object_component id="oc-36c">
         <name>.text:EPWM_setCounterCompareShadowLoadMode</name>
         <load_address>0x8343</load_address>
         <run_address>0x8343</run_address>
         <size>0x3e</size>
         <input_file_ref idref="fl-3"/>
      </object_component>
      <object_component id="oc-1f1">
         <name>.text:Interrupt_initModule</name>
         <load_address>0x8381</load_address>
         <run_address>0x8381</run_address>
         <size>0x3d</size>
         <input_file_ref idref="fl-11"/>
      </object_component>
      <object_component id="oc-3b4">
         <name>.text:EPWM_setADCTriggerEventPrescale</name>
         <load_address>0x83be</load_address>
         <run_address>0x83be</run_address>
         <size>0x3a</size>
         <input_file_ref idref="fl-3"/>
      </object_component>
      <object_component id="oc-3d2">
         <name>.text:EPWM_setActionQualifierShadowLoadMode</name>
         <load_address>0x83f8</load_address>
         <run_address>0x83f8</run_address>
         <size>0x3a</size>
         <input_file_ref idref="fl-3"/>
      </object_component>
      <object_component id="oc-310">
         <name>.text:ADCB_BASE_init</name>
         <load_address>0x8432</load_address>
         <run_address>0x8432</run_address>
         <size>0x39</size>
         <input_file_ref idref="fl-3"/>
      </object_component>
      <object_component id="oc-30a">
         <name>.text:ADCC_BASE_init</name>
         <load_address>0x846b</load_address>
         <run_address>0x846b</run_address>
         <size>0x39</size>
         <input_file_ref idref="fl-3"/>
      </object_component>
      <object_component id="oc-2de">
         <name>.text:GPIO_setPinConfig</name>
         <load_address>0x84a4</load_address>
         <run_address>0x84a4</run_address>
         <size>0x37</size>
         <input_file_ref idref="fl-10"/>
      </object_component>
      <object_component id="oc-2ea">
         <name>.text:GPIO_setQualificationMode</name>
         <load_address>0x84db</load_address>
         <run_address>0x84db</run_address>
         <size>0x37</size>
         <input_file_ref idref="fl-10"/>
      </object_component>
      <object_component id="oc-ab">
         <name>.text:Interrupt_enable</name>
         <load_address>0x8512</load_address>
         <run_address>0x8512</run_address>
         <size>0x37</size>
         <input_file_ref idref="fl-11"/>
      </object_component>
      <object_component id="oc-4c7">
         <name>.text:ADC_setupSOC</name>
         <load_address>0x8549</load_address>
         <run_address>0x8549</run_address>
         <size>0x36</size>
         <input_file_ref idref="fl-3"/>
      </object_component>
      <object_component id="oc-43a">
         <name>.text:SysCtl_selectXTAL</name>
         <load_address>0x857f</load_address>
         <run_address>0x857f</run_address>
         <size>0x36</size>
         <input_file_ref idref="fl-13"/>
      </object_component>
      <object_component id="oc-1c">
         <name>.text:decompress:lzss</name>
         <load_address>0x85b5</load_address>
         <run_address>0x85b5</run_address>
         <size>0x30</size>
         <input_file_ref idref="fl-25"/>
      </object_component>
      <object_component id="oc-4d3">
         <name>.text:ADC_setInterruptSource</name>
         <load_address>0x85e5</load_address>
         <run_address>0x85e5</run_address>
         <size>0x2f</size>
         <input_file_ref idref="fl-3"/>
      </object_component>
      <object_component id="oc-4cd">
         <name>.text:ADC_setInterruptSOCTrigger</name>
         <load_address>0x8614</load_address>
         <run_address>0x8614</run_address>
         <size>0x2e</size>
         <input_file_ref idref="fl-3"/>
      </object_component>
      <object_component id="oc-37e">
         <name>.text:EPWM_setDeadBandDelayMode</name>
         <load_address>0x8642</load_address>
         <run_address>0x8642</run_address>
         <size>0x2c</size>
         <input_file_ref idref="fl-3"/>
      </object_component>
      <object_component id="oc-185">
         <name>.text:__TI_auto_init_nobinit_nopinit</name>
         <load_address>0x866e</load_address>
         <run_address>0x866e</run_address>
         <size>0x2b</size>
         <input_file_ref idref="fl-22"/>
      </object_component>
      <object_component id="oc-317">
         <name>.text:myCPUTIMER2_init</name>
         <load_address>0x8699</load_address>
         <run_address>0x8699</run_address>
         <size>0x2b</size>
         <input_file_ref idref="fl-3"/>
      </object_component>
      <object_component id="oc-14c">
         <name>.text</name>
         <load_address>0x86c4</load_address>
         <run_address>0x86c4</run_address>
         <size>0x29</size>
         <input_file_ref idref="fl-26"/>
      </object_component>
      <object_component id="oc-4a9">
         <name>.text:ADC_setMode</name>
         <load_address>0x86ed</load_address>
         <run_address>0x86ed</run_address>
         <size>0x28</size>
         <input_file_ref idref="fl-d"/>
      </object_component>
      <object_component id="oc-15a">
         <name>.text:DAB_setDeadband</name>
         <load_address>0x8715</load_address>
         <run_address>0x8715</run_address>
         <size>0x28</size>
         <input_file_ref idref="fl-2"/>
      </object_component>
      <object_component id="oc-34">
         <name>.text:INTERRUPT_init</name>
         <load_address>0x873d</load_address>
         <run_address>0x873d</run_address>
         <size>0x25</size>
         <input_file_ref idref="fl-3"/>
      </object_component>
      <object_component id="oc-413">
         <name>.text:DCC_enableSingleShotMode</name>
         <load_address>0x8762</load_address>
         <run_address>0x8762</run_address>
         <size>0x24</size>
         <input_file_ref idref="fl-f"/>
      </object_component>
      <object_component id="oc-47e">
         <name>.text:DCC_enableSingleShotMode</name>
         <load_address>0x8786</load_address>
         <run_address>0x8786</run_address>
         <size>0x24</size>
         <input_file_ref idref="fl-13"/>
      </object_component>
      <object_component id="oc-378">
         <name>.text:EPWM_setDeadBandDelayPolarity</name>
         <load_address>0x87aa</load_address>
         <run_address>0x87aa</run_address>
         <size>0x24</size>
         <input_file_ref idref="fl-3"/>
      </object_component>
      <object_component id="oc-115">
         <name>.text:EPWM_setCounterCompareValue</name>
         <load_address>0x87ce</load_address>
         <run_address>0x87ce</run_address>
         <size>0x22</size>
         <input_file_ref idref="fl-2"/>
      </object_component>
      <object_component id="oc-1f7">
         <name>.text:Board_init</name>
         <load_address>0x87f0</load_address>
         <run_address>0x87f0</run_address>
         <size>0xf</size>
         <input_file_ref idref="fl-3"/>
      </object_component>
      <object_component id="oc-1d0">
         <name>.text</name>
         <load_address>0x87ff</load_address>
         <run_address>0x87ff</run_address>
         <size>0x1</size>
         <input_file_ref idref="fl-2c"/>
      </object_component>
      <object_component id="oc-366">
         <name>.text:EPWM_setCounterCompareValue</name>
         <load_address>0x8800</load_address>
         <run_address>0x8800</run_address>
         <size>0x22</size>
         <input_file_ref idref="fl-3"/>
      </object_component>
      <object_component id="oc-3c0">
         <name>.text:EPWM_setupEPWMLinks</name>
         <load_address>0x8822</load_address>
         <run_address>0x8822</run_address>
         <size>0x22</size>
         <input_file_ref idref="fl-3"/>
      </object_component>
      <object_component id="oc-4df">
         <name>.text:ADC_disableContinuousMode</name>
         <load_address>0x8844</load_address>
         <run_address>0x8844</run_address>
         <size>0x21</size>
         <input_file_ref idref="fl-3"/>
      </object_component>
      <object_component id="oc-4fb">
         <name>.text:CPUTimer_selectClockSource</name>
         <load_address>0x8865</load_address>
         <run_address>0x8865</run_address>
         <size>0x21</size>
         <input_file_ref idref="fl-3"/>
      </object_component>
      <object_component id="oc-1eb">
         <name>.text:Device_initGPIO</name>
         <load_address>0x8886</load_address>
         <run_address>0x8886</run_address>
         <size>0x21</size>
         <input_file_ref idref="fl-5"/>
      </object_component>
      <object_component id="oc-33c">
         <name>.text:EPWM_enableGlobalLoadRegisters</name>
         <load_address>0x88a7</load_address>
         <run_address>0x88a7</run_address>
         <size>0x21</size>
         <input_file_ref idref="fl-3"/>
      </object_component>
      <object_component id="oc-4e5">
         <name>.text:ADC_enableInterrupt</name>
         <load_address>0x88c8</load_address>
         <run_address>0x88c8</run_address>
         <size>0x20</size>
         <input_file_ref idref="fl-3"/>
      </object_component>
      <object_component id="oc-440">
         <name>.text:SysCtl_selectXTALSingleEnded</name>
         <load_address>0x88e8</load_address>
         <run_address>0x88e8</run_address>
         <size>0x20</size>
         <input_file_ref idref="fl-13"/>
      </object_component>
      <object_component id="oc-390">
         <name>.text:EPWM_setFallingEdgeDelayCountShadowLoadMode</name>
         <load_address>0x8908</load_address>
         <run_address>0x8908</run_address>
         <size>0x1f</size>
         <input_file_ref idref="fl-3"/>
      </object_component>
      <object_component id="oc-3ba">
         <name>.text:EPWM_setGlobalLoadTrigger</name>
         <load_address>0x8927</load_address>
         <run_address>0x8927</run_address>
         <size>0x1f</size>
         <input_file_ref idref="fl-3"/>
      </object_component>
      <object_component id="oc-384">
         <name>.text:EPWM_setRisingEdgeDelayCountShadowLoadMode</name>
         <load_address>0x8946</load_address>
         <run_address>0x8946</run_address>
         <size>0x1f</size>
         <input_file_ref idref="fl-3"/>
      </object_component>
      <object_component id="oc-4c1">
         <name>.text:ADC_setSOCPriority</name>
         <load_address>0x8965</load_address>
         <run_address>0x8965</run_address>
         <size>0x1e</size>
         <input_file_ref idref="fl-3"/>
      </object_component>
      <object_component id="oc-401">
         <name>.text:DCC_setCounter0ClkSource</name>
         <load_address>0x8983</load_address>
         <run_address>0x8983</run_address>
         <size>0x1e</size>
         <input_file_ref idref="fl-f"/>
      </object_component>
      <object_component id="oc-46c">
         <name>.text:DCC_setCounter0ClkSource</name>
         <load_address>0x89a1</load_address>
         <run_address>0x89a1</run_address>
         <size>0x1e</size>
         <input_file_ref idref="fl-13"/>
      </object_component>
      <object_component id="oc-407">
         <name>.text:DCC_setCounter1ClkSource</name>
         <load_address>0x89bf</load_address>
         <run_address>0x89bf</run_address>
         <size>0x1e</size>
         <input_file_ref idref="fl-f"/>
      </object_component>
      <object_component id="oc-472">
         <name>.text:DCC_setCounter1ClkSource</name>
         <load_address>0x89dd</load_address>
         <run_address>0x89dd</run_address>
         <size>0x1e</size>
         <input_file_ref idref="fl-13"/>
      </object_component>
      <object_component id="oc-223">
         <name>.text:Device_verifyXTAL</name>
         <load_address>0x89fb</load_address>
         <run_address>0x89fb</run_address>
         <size>0x1e</size>
         <input_file_ref idref="fl-5"/>
      </object_component>
      <object_component id="oc-176">
         <name>.text:EPWM_setPhaseShift</name>
         <load_address>0x8a19</load_address>
         <run_address>0x8a19</run_address>
         <size>0x1e</size>
         <input_file_ref idref="fl-2"/>
      </object_component>
      <object_component id="oc-354">
         <name>.text:EPWM_setPhaseShift</name>
         <load_address>0x8a37</load_address>
         <run_address>0x8a37</run_address>
         <size>0x1e</size>
         <input_file_ref idref="fl-3"/>
      </object_component>
      <object_component id="oc-47">
         <name>.text:Interrupt_initVectorTable</name>
         <load_address>0x8a55</load_address>
         <run_address>0x8a55</run_address>
         <size>0x1e</size>
         <input_file_ref idref="fl-11"/>
      </object_component>
      <object_component id="oc-360">
         <name>.text:EPWM_enableSyncOutPulseSource</name>
         <load_address>0x8a73</load_address>
         <run_address>0x8a73</run_address>
         <size>0x1d</size>
         <input_file_ref idref="fl-3"/>
      </object_component>
      <object_component id="oc-396">
         <name>.text:EPWM_setFallingEdgeDelayCount</name>
         <load_address>0x8a90</load_address>
         <run_address>0x8a90</run_address>
         <size>0x1d</size>
         <input_file_ref idref="fl-3"/>
      </object_component>
      <object_component id="oc-38a">
         <name>.text:EPWM_setRisingEdgeDelayCount</name>
         <load_address>0x8aad</load_address>
         <run_address>0x8aad</run_address>
         <size>0x1d</size>
         <input_file_ref idref="fl-3"/>
      </object_component>
      <object_component id="oc-67">
         <name>.text</name>
         <load_address>0x8aca</load_address>
         <run_address>0x8aca</run_address>
         <size>0x1d</size>
         <input_file_ref idref="fl-2b"/>
      </object_component>
      <object_component id="oc-431">
         <name>.text:DCC_getErrorStatus</name>
         <load_address>0x8ae7</load_address>
         <run_address>0x8ae7</run_address>
         <size>0x1c</size>
         <input_file_ref idref="fl-f"/>
      </object_component>
      <object_component id="oc-42b">
         <name>.text:DCC_getSingleShotStatus</name>
         <load_address>0x8b03</load_address>
         <run_address>0x8b03</run_address>
         <size>0x1c</size>
         <input_file_ref idref="fl-f"/>
      </object_component>
      <object_component id="oc-3a8">
         <name>.text:EPWM_enableADCTrigger</name>
         <load_address>0x8b1f</load_address>
         <run_address>0x8b1f</run_address>
         <size>0x1c</size>
         <input_file_ref idref="fl-3"/>
      </object_component>
      <object_component id="oc-330">
         <name>.text:EPWM_setClockPrescaler</name>
         <load_address>0x8b3b</load_address>
         <run_address>0x8b3b</run_address>
         <size>0x1c</size>
         <input_file_ref idref="fl-3"/>
      </object_component>
      <object_component id="oc-dd">
         <name>.text:ADC_isBaseValid</name>
         <load_address>0x8b57</load_address>
         <run_address>0x8b57</run_address>
         <size>0x1b</size>
         <input_file_ref idref="fl-2"/>
      </object_component>
      <object_component id="oc-57c">
         <name>.text:ADC_isBaseValid</name>
         <load_address>0x8b72</load_address>
         <run_address>0x8b72</run_address>
         <size>0x1b</size>
         <input_file_ref idref="fl-3"/>
      </object_component>
      <object_component id="oc-583">
         <name>.text:ADC_isBaseValid</name>
         <load_address>0x8b8d</load_address>
         <run_address>0x8b8d</run_address>
         <size>0x1b</size>
         <input_file_ref idref="fl-d"/>
      </object_component>
      <object_component id="oc-51f">
         <name>.text:CPUTimer_startTimer</name>
         <load_address>0x8ba8</load_address>
         <run_address>0x8ba8</run_address>
         <size>0x1a</size>
         <input_file_ref idref="fl-3"/>
      </object_component>
      <object_component id="oc-3dc">
         <name>.text:DCC_isBaseValid</name>
         <load_address>0x8bc2</load_address>
         <run_address>0x8bc2</run_address>
         <size>0x1a</size>
         <input_file_ref idref="fl-f"/>
      </object_component>
      <object_component id="oc-567">
         <name>.text:DCC_isBaseValid</name>
         <load_address>0x8bdc</load_address>
         <run_address>0x8bdc</run_address>
         <size>0x1a</size>
         <input_file_ref idref="fl-13"/>
      </object_component>
      <object_component id="oc-248">
         <name>.text:SysCtl_getLowSpeedClock</name>
         <load_address>0x8bf6</load_address>
         <run_address>0x8bf6</run_address>
         <size>0x1a</size>
         <input_file_ref idref="fl-13"/>
      </object_component>
      <object_component id="oc-170">
         <name>.text:EPWM_setCountModeAfterSync</name>
         <load_address>0x8c10</load_address>
         <run_address>0x8c10</run_address>
         <size>0x19</size>
         <input_file_ref idref="fl-2"/>
      </object_component>
      <object_component id="oc-3c6">
         <name>.text:EPWM_setCountModeAfterSync</name>
         <load_address>0x8c29</load_address>
         <run_address>0x8c29</run_address>
         <size>0x19</size>
         <input_file_ref idref="fl-3"/>
      </object_component>
      <object_component id="oc-d4">
         <name>.text</name>
         <load_address>0x8c42</load_address>
         <run_address>0x8c42</run_address>
         <size>0x19</size>
         <input_file_ref idref="fl-1f"/>
      </object_component>
      <object_component id="oc-3a2">
         <name>.text:EPWM_disableFallingEdgeDelayCountShadowLoadMode</name>
         <load_address>0x8c5b</load_address>
         <run_address>0x8c5b</run_address>
         <size>0x18</size>
         <input_file_ref idref="fl-3"/>
      </object_component>
      <object_component id="oc-39c">
         <name>.text:EPWM_disableRisingEdgeDelayCountShadowLoadMode</name>
         <load_address>0x8c73</load_address>
         <run_address>0x8c73</run_address>
         <size>0x18</size>
         <input_file_ref idref="fl-3"/>
      </object_component>
      <object_component id="oc-5ad">
         <name>.text:CPUTimer_isBaseValid</name>
         <load_address>0x8c8b</load_address>
         <run_address>0x8c8b</run_address>
         <size>0x17</size>
         <input_file_ref idref="fl-3"/>
      </object_component>
      <object_component id="oc-5a3">
         <name>.text:CPUTimer_isBaseValid</name>
         <load_address>0x8ca2</load_address>
         <run_address>0x8ca2</run_address>
         <size>0x17</size>
         <input_file_ref idref="fl-e"/>
      </object_component>
      <object_component id="oc-501">
         <name>.text:CPUTimer_setPreScaler</name>
         <load_address>0x8cb9</load_address>
         <run_address>0x8cb9</run_address>
         <size>0x17</size>
         <input_file_ref idref="fl-3"/>
      </object_component>
      <object_component id="oc-2a0">
         <name>.text:SysCtl_enablePeripheral</name>
         <load_address>0x8cd0</load_address>
         <run_address>0x8cd0</run_address>
         <size>0x17</size>
         <input_file_ref idref="fl-5"/>
      </object_component>
      <object_component id="oc-448">
         <name>.text:SysCtl_enablePeripheral</name>
         <load_address>0x8ce7</load_address>
         <run_address>0x8ce7</run_address>
         <size>0x17</size>
         <input_file_ref idref="fl-13"/>
      </object_component>
      <object_component id="oc-4ed">
         <name>.text:ADC_setInterruptCycleOffset</name>
         <load_address>0x8cfe</load_address>
         <run_address>0x8cfe</run_address>
         <size>0x16</size>
         <input_file_ref idref="fl-3"/>
      </object_component>
      <object_component id="oc-4af">
         <name>.text:ADC_setInterruptPulseMode</name>
         <load_address>0x8d14</load_address>
         <run_address>0x8d14</run_address>
         <size>0x16</size>
         <input_file_ref idref="fl-3"/>
      </object_component>
      <object_component id="oc-4a3">
         <name>.text:ADC_setPrescaler</name>
         <load_address>0x8d2a</load_address>
         <run_address>0x8d2a</run_address>
         <size>0x16</size>
         <input_file_ref idref="fl-3"/>
      </object_component>
      <object_component id="oc-3fb">
         <name>.text:DCC_disableDoneSignal</name>
         <load_address>0x8d40</load_address>
         <run_address>0x8d40</run_address>
         <size>0x16</size>
         <input_file_ref idref="fl-f"/>
      </object_component>
      <object_component id="oc-466">
         <name>.text:DCC_disableDoneSignal</name>
         <load_address>0x8d56</load_address>
         <run_address>0x8d56</run_address>
         <size>0x16</size>
         <input_file_ref idref="fl-13"/>
      </object_component>
      <object_component id="oc-41f">
         <name>.text:DCC_enableDoneSignal</name>
         <load_address>0x8d6c</load_address>
         <run_address>0x8d6c</run_address>
         <size>0x16</size>
         <input_file_ref idref="fl-f"/>
      </object_component>
      <object_component id="oc-35a">
         <name>.text:EPWM_setSyncInPulseSource</name>
         <load_address>0x8d82</load_address>
         <run_address>0x8d82</run_address>
         <size>0x16</size>
         <input_file_ref idref="fl-3"/>
      </object_component>
      <object_component id="oc-46">
         <name>.text:Interrupt_defaultHandler</name>
         <load_address>0x8d98</load_address>
         <run_address>0x8d98</run_address>
         <size>0x16</size>
         <input_file_ref idref="fl-11"/>
      </object_component>
      <object_component id="oc-4bb">
         <name>.text:ADC_disableBurstMode</name>
         <load_address>0x8dae</load_address>
         <run_address>0x8dae</run_address>
         <size>0x15</size>
         <input_file_ref idref="fl-3"/>
      </object_component>
      <object_component id="oc-50d">
         <name>.text:CPUTimer_enableInterrupt</name>
         <load_address>0x8dc3</load_address>
         <run_address>0x8dc3</run_address>
         <size>0x15</size>
         <input_file_ref idref="fl-3"/>
      </object_component>
      <object_component id="oc-3e9">
         <name>.text:DCC_clearDoneFlag</name>
         <load_address>0x8dd8</load_address>
         <run_address>0x8dd8</run_address>
         <size>0x15</size>
         <input_file_ref idref="fl-f"/>
      </object_component>
      <object_component id="oc-454">
         <name>.text:DCC_clearDoneFlag</name>
         <load_address>0x8ded</load_address>
         <run_address>0x8ded</run_address>
         <size>0x15</size>
         <input_file_ref idref="fl-13"/>
      </object_component>
      <object_component id="oc-3e3">
         <name>.text:DCC_clearErrorFlag</name>
         <load_address>0x8e02</load_address>
         <run_address>0x8e02</run_address>
         <size>0x15</size>
         <input_file_ref idref="fl-f"/>
      </object_component>
      <object_component id="oc-44e">
         <name>.text:DCC_clearErrorFlag</name>
         <load_address>0x8e17</load_address>
         <run_address>0x8e17</run_address>
         <size>0x15</size>
         <input_file_ref idref="fl-13"/>
      </object_component>
      <object_component id="oc-3f5">
         <name>.text:DCC_disableErrorSignal</name>
         <load_address>0x8e2c</load_address>
         <run_address>0x8e2c</run_address>
         <size>0x15</size>
         <input_file_ref idref="fl-f"/>
      </object_component>
      <object_component id="oc-460">
         <name>.text:DCC_disableErrorSignal</name>
         <load_address>0x8e41</load_address>
         <run_address>0x8e41</run_address>
         <size>0x15</size>
         <input_file_ref idref="fl-13"/>
      </object_component>
      <object_component id="oc-31e">
         <name>.text:EPWM_enableGlobalLoad</name>
         <load_address>0x8e56</load_address>
         <run_address>0x8e56</run_address>
         <size>0x15</size>
         <input_file_ref idref="fl-3"/>
      </object_component>
      <object_component id="oc-324">
         <name>.text:EPWM_enableGlobalLoadOneShotMode</name>
         <load_address>0x8e6b</load_address>
         <run_address>0x8e6b</run_address>
         <size>0x15</size>
         <input_file_ref idref="fl-3"/>
      </object_component>
      <object_component id="oc-122">
         <name>.text:EPWM_setGlobalLoadOneShotLatch</name>
         <load_address>0x8e80</load_address>
         <run_address>0x8e80</run_address>
         <size>0x15</size>
         <input_file_ref idref="fl-2"/>
      </object_component>
      <object_component id="oc-32a">
         <name>.text:EPWM_setGlobalLoadOneShotLatch</name>
         <load_address>0x8e95</load_address>
         <run_address>0x8e95</run_address>
         <size>0x15</size>
         <input_file_ref idref="fl-3"/>
      </object_component>
      <object_component id="oc-261">
         <name>.text:GPIO_unlockPortConfig</name>
         <load_address>0x8eaa</load_address>
         <run_address>0x8eaa</run_address>
         <size>0x15</size>
         <input_file_ref idref="fl-5"/>
      </object_component>
      <object_component id="oc-94">
         <name>.text:ADC_clearInterruptOverflowStatus</name>
         <load_address>0x8ebf</load_address>
         <run_address>0x8ebf</run_address>
         <size>0x14</size>
         <input_file_ref idref="fl-2"/>
      </object_component>
      <object_component id="oc-88">
         <name>.text:ADC_clearInterruptStatus</name>
         <load_address>0x8ed3</load_address>
         <run_address>0x8ed3</run_address>
         <size>0x14</size>
         <input_file_ref idref="fl-2"/>
      </object_component>
      <object_component id="oc-4d9">
         <name>.text:ADC_clearInterruptStatus</name>
         <load_address>0x8ee7</load_address>
         <run_address>0x8ee7</run_address>
         <size>0x14</size>
         <input_file_ref idref="fl-3"/>
      </object_component>
      <object_component id="oc-519">
         <name>.text:CPUTimer_reloadTimerCounter</name>
         <load_address>0x8efb</load_address>
         <run_address>0x8efb</run_address>
         <size>0x14</size>
         <input_file_ref idref="fl-3"/>
      </object_component>
      <object_component id="oc-513">
         <name>.text:CPUTimer_stopTimer</name>
         <load_address>0x8f0f</load_address>
         <run_address>0x8f0f</run_address>
         <size>0x14</size>
         <input_file_ref idref="fl-3"/>
      </object_component>
      <object_component id="oc-3ef">
         <name>.text:DCC_disableModule</name>
         <load_address>0x8f23</load_address>
         <run_address>0x8f23</run_address>
         <size>0x14</size>
         <input_file_ref idref="fl-f"/>
      </object_component>
      <object_component id="oc-45a">
         <name>.text:DCC_disableModule</name>
         <load_address>0x8f37</load_address>
         <run_address>0x8f37</run_address>
         <size>0x14</size>
         <input_file_ref idref="fl-13"/>
      </object_component>
      <object_component id="oc-419">
         <name>.text:DCC_enableErrorSignal</name>
         <load_address>0x8f4b</load_address>
         <run_address>0x8f4b</run_address>
         <size>0x14</size>
         <input_file_ref idref="fl-f"/>
      </object_component>
      <object_component id="oc-425">
         <name>.text:DCC_enableModule</name>
         <load_address>0x8f5f</load_address>
         <run_address>0x8f5f</run_address>
         <size>0x14</size>
         <input_file_ref idref="fl-f"/>
      </object_component>
      <object_component id="oc-484">
         <name>.text:DCC_enableModule</name>
         <load_address>0x8f73</load_address>
         <run_address>0x8f73</run_address>
         <size>0x14</size>
         <input_file_ref idref="fl-13"/>
      </object_component>
      <object_component id="oc-348">
         <name>.text:EPWM_setTimeBaseCounterMode</name>
         <load_address>0x8f87</load_address>
         <run_address>0x8f87</run_address>
         <size>0x14</size>
         <input_file_ref idref="fl-3"/>
      </object_component>
      <object_component id="oc-10f">
         <name>.text:EPWM_setTimeBasePeriod</name>
         <load_address>0x8f9b</load_address>
         <run_address>0x8f9b</run_address>
         <size>0x14</size>
         <input_file_ref idref="fl-2"/>
      </object_component>
      <object_component id="oc-336">
         <name>.text:EPWM_setTimeBasePeriod</name>
         <load_address>0x8faf</load_address>
         <run_address>0x8faf</run_address>
         <size>0x14</size>
         <input_file_ref idref="fl-3"/>
      </object_component>
      <object_component id="oc-254">
         <name>.text:SysCtl_deviceCal</name>
         <load_address>0x8fc3</load_address>
         <run_address>0x8fc3</run_address>
         <size>0x14</size>
         <input_file_ref idref="fl-5"/>
      </object_component>
      <object_component id="oc-4b5">
         <name>.text:ADC_enableConverter</name>
         <load_address>0x8fd7</load_address>
         <run_address>0x8fd7</run_address>
         <size>0x13</size>
         <input_file_ref idref="fl-3"/>
      </object_component>
      <object_component id="oc-4f5">
         <name>.text:CPUTimer_setEmulationMode</name>
         <load_address>0x8fea</load_address>
         <run_address>0x8fea</run_address>
         <size>0x13</size>
         <input_file_ref idref="fl-e"/>
      </object_component>
      <object_component id="oc-281">
         <name>.text:CPUTIMER_init</name>
         <load_address>0x8ffd</load_address>
         <run_address>0x8ffd</run_address>
         <size>0x3</size>
         <input_file_ref idref="fl-3"/>
      </object_component>
      <object_component id="oc-2d7">
         <name>.text:Device_enableUnbondedGPIOPullupsFor176Pin</name>
         <load_address>0x9000</load_address>
         <run_address>0x9000</run_address>
         <size>0x13</size>
         <input_file_ref idref="fl-5"/>
      </object_component>
      <object_component id="oc-128">
         <name>.text:EPWM_startOneShotSync</name>
         <load_address>0x9013</load_address>
         <run_address>0x9013</run_address>
         <size>0x13</size>
         <input_file_ref idref="fl-2"/>
      </object_component>
      <object_component id="oc-342">
         <name>.text:EPWM_setTimeBaseCounter</name>
         <load_address>0x9026</load_address>
         <run_address>0x9026</run_address>
         <size>0x12</size>
         <input_file_ref idref="fl-3"/>
      </object_component>
      <object_component id="oc-2f1">
         <name>.text:SysCtl_setSyncOutputConfig</name>
         <load_address>0x9038</load_address>
         <run_address>0x9038</run_address>
         <size>0x12</size>
         <input_file_ref idref="fl-3"/>
      </object_component>
      <object_component id="oc-507">
         <name>.text:CPUTimer_setPeriod</name>
         <load_address>0x904a</load_address>
         <run_address>0x904a</run_address>
         <size>0x11</size>
         <input_file_ref idref="fl-3"/>
      </object_component>
      <object_component id="oc-267">
         <name>.text:Device_enableUnbondedGPIOPullups</name>
         <load_address>0x905b</load_address>
         <run_address>0x905b</run_address>
         <size>0x11</size>
         <input_file_ref idref="fl-5"/>
      </object_component>
      <object_component id="oc-34e">
         <name>.text:EPWM_disablePhaseShiftLoad</name>
         <load_address>0x906c</load_address>
         <run_address>0x906c</run_address>
         <size>0x11</size>
         <input_file_ref idref="fl-3"/>
      </object_component>
      <object_component id="oc-3cc">
         <name>.text:EPWM_enablePhaseShiftLoad</name>
         <load_address>0x907d</load_address>
         <run_address>0x907d</run_address>
         <size>0x11</size>
         <input_file_ref idref="fl-3"/>
      </object_component>
      <object_component id="oc-23b">
         <name>.text:SysCtl_setCMClk</name>
         <load_address>0x908e</load_address>
         <run_address>0x908e</run_address>
         <size>0x11</size>
         <input_file_ref idref="fl-5"/>
      </object_component>
      <object_component id="oc-a5">
         <name>.text:Interrupt_register</name>
         <load_address>0x909f</load_address>
         <run_address>0x909f</run_address>
         <size>0xf</size>
         <input_file_ref idref="fl-3"/>
      </object_component>
      <object_component id="oc-52">
         <name>.text:Interrupt_unregister</name>
         <load_address>0x90ae</load_address>
         <run_address>0x90ae</run_address>
         <size>0xf</size>
         <input_file_ref idref="fl-12"/>
      </object_component>
      <object_component id="oc-498">
         <name>.text:GPIO_isPinValid</name>
         <load_address>0x90bd</load_address>
         <run_address>0x90bd</run_address>
         <size>0xe</size>
         <input_file_ref idref="fl-10"/>
      </object_component>
      <object_component id="oc-f4">
         <name>.text:Interrupt_disableGlobal</name>
         <load_address>0x90cb</load_address>
         <run_address>0x90cb</run_address>
         <size>0xd</size>
         <input_file_ref idref="fl-11"/>
      </object_component>
      <object_component id="oc-fa">
         <name>.text:Interrupt_enableGlobal</name>
         <load_address>0x90d8</load_address>
         <run_address>0x90d8</run_address>
         <size>0xd</size>
         <input_file_ref idref="fl-11"/>
      </object_component>
      <object_component id="oc-22f">
         <name>.text:SysCtl_setLowSpeedClock</name>
         <load_address>0x90e5</load_address>
         <run_address>0x90e5</run_address>
         <size>0xd</size>
         <input_file_ref idref="fl-5"/>
      </object_component>
      <object_component id="oc-6f">
         <name>.text:decompress:ZI:__TI_zero_init_nomemset</name>
         <load_address>0x90f2</load_address>
         <run_address>0x90f2</run_address>
         <size>0xd</size>
         <input_file_ref idref="fl-23"/>
      </object_component>
      <object_component id="oc-2f7">
         <name>.text:SysCtl_enableExtADCSOCSource</name>
         <load_address>0x90ff</load_address>
         <run_address>0x90ff</run_address>
         <size>0xc</size>
         <input_file_ref idref="fl-3"/>
      </object_component>
      <object_component id="oc-2ba">
         <name>.text:SysCtl_setPLLSysClk</name>
         <load_address>0x910b</load_address>
         <run_address>0x910b</run_address>
         <size>0xc</size>
         <input_file_ref idref="fl-13"/>
      </object_component>
      <object_component id="oc-146">
         <name>.text</name>
         <load_address>0x9117</load_address>
         <run_address>0x9117</run_address>
         <size>0xc</size>
         <input_file_ref idref="fl-28"/>
      </object_component>
      <object_component id="oc-2ae">
         <name>.text:SysCtl_isMCDClockFailureDetected</name>
         <load_address>0x9123</load_address>
         <run_address>0x9123</run_address>
         <size>0xb</size>
         <input_file_ref idref="fl-13"/>
      </object_component>
      <object_component id="oc-58">
         <name>.text:Interrupt_illegalOperationHandler</name>
         <load_address>0x912e</load_address>
         <run_address>0x912e</run_address>
         <size>0xa</size>
         <input_file_ref idref="fl-11"/>
      </object_component>
      <object_component id="oc-5e">
         <name>.text:Interrupt_nmiHandler</name>
         <load_address>0x9138</load_address>
         <run_address>0x9138</run_address>
         <size>0xa</size>
         <input_file_ref idref="fl-11"/>
      </object_component>
      <object_component id="oc-275">
         <name>.text:SYNC_init</name>
         <load_address>0x9142</load_address>
         <run_address>0x9142</run_address>
         <size>0xa</size>
         <input_file_ref idref="fl-3"/>
      </object_component>
      <object_component id="oc-27b">
         <name>.text:ADC_init</name>
         <load_address>0x914c</load_address>
         <run_address>0x914c</run_address>
         <size>0x9</size>
         <input_file_ref idref="fl-3"/>
      </object_component>
      <object_component id="oc-209">
         <name>.text</name>
         <load_address>0x9155</load_address>
         <run_address>0x9155</run_address>
         <size>0x9</size>
         <input_file_ref idref="fl-27"/>
      </object_component>
      <object_component id="oc-104">
         <name>.text:DAB_enablePWM</name>
         <load_address>0x915e</load_address>
         <run_address>0x915e</run_address>
         <size>0x8</size>
         <input_file_ref idref="fl-2"/>
      </object_component>
      <object_component id="oc-21c">
         <name>.text:SysCtl_disableWatchdog</name>
         <load_address>0x9166</load_address>
         <run_address>0x9166</run_address>
         <size>0x8</size>
         <input_file_ref idref="fl-5"/>
      </object_component>
      <object_component id="oc-22">
         <name>.text:decompress:none</name>
         <load_address>0x916e</load_address>
         <run_address>0x916e</run_address>
         <size>0x8</size>
         <input_file_ref idref="fl-24"/>
      </object_component>
      <object_component id="oc-7b">
         <name>.text</name>
         <load_address>0x9176</load_address>
         <run_address>0x9176</run_address>
         <size>0x8</size>
         <input_file_ref idref="fl-6"/>
      </object_component>
      <object_component id="oc-55e">
         <name>.text:SysCtl_resetMCD</name>
         <load_address>0x917e</load_address>
         <run_address>0x917e</run_address>
         <size>0x7</size>
         <input_file_ref idref="fl-13"/>
      </object_component>
      <object_component id="oc-e4">
         <name>.text:__error__</name>
         <load_address>0x9185</load_address>
         <run_address>0x9185</run_address>
         <size>0x7</size>
         <input_file_ref idref="fl-5"/>
      </object_component>
      <object_component id="oc-9a">
         <name>.text:Interrupt_clearACKGroup</name>
         <load_address>0x918c</load_address>
         <run_address>0x918c</run_address>
         <size>0x6</size>
         <input_file_ref idref="fl-2"/>
      </object_component>
      <object_component id="oc-13f">
         <name>.text</name>
         <load_address>0x9192</load_address>
         <run_address>0x9192</run_address>
         <size>0x2</size>
         <input_file_ref idref="fl-21"/>
      </object_component>
      <object_component id="oc-287">
         <name>.text:EPWM_init</name>
         <load_address>0xc000</load_address>
         <run_address>0xc000</run_address>
         <size>0x3fa</size>
         <input_file_ref idref="fl-3"/>
      </object_component>
      <object_component id="oc-25a">
         <name>.text:Device_enableAllPeripherals</name>
         <load_address>0xc3fa</load_address>
         <run_address>0xc3fa</run_address>
         <size>0x167</size>
         <input_file_ref idref="fl-5"/>
      </object_component>
      <object_component id="oc-229">
         <name>.text:SysCtl_setClock</name>
         <load_address>0xc561</load_address>
         <run_address>0xc561</run_address>
         <size>0x132</size>
         <input_file_ref idref="fl-13"/>
      </object_component>
      <object_component id="oc-2c0">
         <name>.text:SysCtl_isPLLValid</name>
         <load_address>0xc693</load_address>
         <run_address>0xc693</run_address>
         <size>0x118</size>
         <input_file_ref idref="fl-13"/>
      </object_component>
      <object_component id="oc-2c9">
         <name>.text:SysCtl_selectOscSourceAuxPLL</name>
         <load_address>0xc7ab</load_address>
         <run_address>0xc7ab</run_address>
         <size>0x55</size>
         <input_file_ref idref="fl-13"/>
      </object_component>
      <object_component id="oc-235">
         <name>.text:SysCtl_setAuxClock</name>
         <load_address>0xc800</load_address>
         <run_address>0xc800</run_address>
         <size>0x113</size>
         <input_file_ref idref="fl-13"/>
      </object_component>
      <object_component id="oc-2a6">
         <name>.text:DCC_verifyClockFrequency</name>
         <load_address>0xc913</load_address>
         <run_address>0xc913</run_address>
         <size>0xcb</size>
         <input_file_ref idref="fl-f"/>
      </object_component>
      <object_component id="oc-81">
         <name>.text:DAB_SOCA_MEAS</name>
         <load_address>0xc9de</load_address>
         <run_address>0xc9de</run_address>
         <size>0xbc</size>
         <input_file_ref idref="fl-2"/>
      </object_component>
      <object_component id="oc-11b">
         <name>.text:DAB_setPhaseShift_Base</name>
         <load_address>0xca9a</load_address>
         <run_address>0xca9a</run_address>
         <size>0xa6</size>
         <input_file_ref idref="fl-2"/>
      </object_component>
      <object_component id="oc-10a">
         <name>.text</name>
         <load_address>0xcb40</load_address>
         <run_address>0xcb40</run_address>
         <size>0x88</size>
         <input_file_ref idref="fl-20"/>
      </object_component>
      <object_component id="oc-3ae">
         <name>.text:EPWM_setADCTriggerSource</name>
         <load_address>0xcbc8</load_address>
         <run_address>0xcbc8</run_address>
         <size>0x75</size>
         <input_file_ref idref="fl-3"/>
      </object_component>
      <object_component id="oc-40d">
         <name>.text:DCC_setCounterSeeds</name>
         <load_address>0xcc3d</load_address>
         <run_address>0xcc3d</run_address>
         <size>0x73</size>
         <input_file_ref idref="fl-f"/>
      </object_component>
      <object_component id="oc-478">
         <name>.text:DCC_setCounterSeeds</name>
         <load_address>0xccb0</load_address>
         <run_address>0xccb0</run_address>
         <size>0x73</size>
         <input_file_ref idref="fl-13"/>
      </object_component>
      <object_component id="oc-26f">
         <name>.text:PinMux_init</name>
         <load_address>0xcd23</load_address>
         <run_address>0xcd23</run_address>
         <size>0x73</size>
         <input_file_ref idref="fl-3"/>
      </object_component>
      <object_component id="oc-58a">
         <name>.text:ADC_setINLTrim</name>
         <load_address>0xcd96</load_address>
         <run_address>0xcd96</run_address>
         <size>0x6c</size>
         <input_file_ref idref="fl-d"/>
      </object_component>
      <object_component id="oc-2fe">
         <name>.text:ADCD_BASE_init</name>
         <load_address>0xce02</load_address>
         <run_address>0xce02</run_address>
         <size>0x68</size>
         <input_file_ref idref="fl-3"/>
      </object_component>
      <object_component id="oc-24e">
         <name>.text:SysCtl_getAuxClock</name>
         <load_address>0xce6a</load_address>
         <run_address>0xce6a</run_address>
         <size>0x61</size>
         <input_file_ref idref="fl-13"/>
      </object_component>
      <object_component id="oc-241">
         <name>.text:SysCtl_getClock</name>
         <load_address>0xcecb</load_address>
         <run_address>0xcecb</run_address>
         <size>0x60</size>
         <input_file_ref idref="fl-13"/>
      </object_component>
      <object_component id="oc-1e5">
         <name>.text:Device_init</name>
         <load_address>0xcf2b</load_address>
         <run_address>0xcf2b</run_address>
         <size>0x5c</size>
         <input_file_ref idref="fl-5"/>
      </object_component>
      <object_component id="oc-3a">
         <name>.text:INT_ADCA_BASE_1_ISR</name>
         <load_address>0xcf87</load_address>
         <run_address>0xcf87</run_address>
         <size>0x5c</size>
         <input_file_ref idref="fl-2"/>
      </object_component>
      <object_component id="oc-8e">
         <name>.text:ADC_getInterruptOverflowStatus</name>
         <load_address>0xcfe3</load_address>
         <run_address>0xcfe3</run_address>
         <size>0x1d</size>
         <input_file_ref idref="fl-2"/>
      </object_component>
      <object_component id="oc-5fa">
         <name>.cinit..data.load</name>
         <load_address>0x25a</load_address>
         <run_address>0x25a</run_address>
         <size>0x9</size>
      </object_component>
      <object_component id="oc-5f7">
         <name>__TI_handler_table</name>
         <load_address>0x264</load_address>
         <run_address>0x264</run_address>
         <size>0x6</size>
      </object_component>
      <object_component id="oc-5f9">
         <name>.cinit..bss.load</name>
         <load_address>0x26a</load_address>
         <run_address>0x26a</run_address>
         <size>0x4</size>
      </object_component>
      <object_component id="oc-5f8">
         <name>__TI_cinit_table</name>
         <load_address>0x26e</load_address>
         <run_address>0x26e</run_address>
         <size>0x8</size>
      </object_component>
      <object_component id="oc-64">
         <name>.stack</name>
         <uninitialized>true</uninitialized>
         <run_address>0x400</run_address>
         <size>0x0</size>
         <input_file_ref idref="fl-1f"/>
      </object_component>
      <object_component id="oc-5fb">
         <name>.stack</name>
         <uninitialized>true</uninitialized>
         <run_address>0x400</run_address>
         <size>0x0</size>
      </object_component>
      <object_component id="oc-a0">
         <name>.bss</name>
         <uninitialized>true</uninitialized>
         <run_address>0xaa00</run_address>
         <size>0x2a</size>
         <input_file_ref idref="fl-2"/>
      </object_component>
      <object_component id="oc-1fd">
         <name>.bss:myADC0Results</name>
         <uninitialized>true</uninitialized>
         <run_address>0xa800</run_address>
         <size>0x100</size>
         <input_file_ref idref="fl-2"/>
      </object_component>
      <object_component id="oc-200">
         <name>.bss:myADC1Results</name>
         <uninitialized>true</uninitialized>
         <run_address>0xa900</run_address>
         <size>0x100</size>
         <input_file_ref idref="fl-2"/>
      </object_component>
      <object_component id="oc-52c">
         <name>.const:.string</name>
         <load_address>0xaa36</load_address>
         <run_address>0xaa36</run_address>
         <size>0xe2</size>
         <input_file_ref idref="fl-3"/>
      </object_component>
      <object_component id="oc-49e">
         <name>.const:.string</name>
         <load_address>0xab18</load_address>
         <run_address>0xab18</run_address>
         <size>0x97</size>
         <input_file_ref idref="fl-10"/>
      </object_component>
      <object_component id="oc-2ad">
         <name>.const:.string</name>
         <load_address>0xabb0</load_address>
         <run_address>0xabb0</run_address>
         <size>0x97</size>
         <input_file_ref idref="fl-13"/>
      </object_component>
      <object_component id="oc-e3">
         <name>.const:.string</name>
         <load_address>0xac48</load_address>
         <run_address>0xac48</run_address>
         <size>0x94</size>
         <input_file_ref idref="fl-2"/>
      </object_component>
      <object_component id="oc-3e2">
         <name>.const:.string</name>
         <load_address>0xacdc</load_address>
         <run_address>0xacdc</run_address>
         <size>0x94</size>
         <input_file_ref idref="fl-f"/>
      </object_component>
      <object_component id="oc-247">
         <name>.const:.string</name>
         <load_address>0xad70</load_address>
         <run_address>0xad70</run_address>
         <size>0x5d</size>
         <input_file_ref idref="fl-5"/>
      </object_component>
      <object_component id="oc-5a9">
         <name>.const:.string</name>
         <load_address>0xadce</load_address>
         <run_address>0xadce</run_address>
         <size>0x4f</size>
         <input_file_ref idref="fl-e"/>
      </object_component>
      <object_component id="oc-589">
         <name>.const:.string</name>
         <load_address>0xae1e</load_address>
         <run_address>0xae1e</run_address>
         <size>0x4a</size>
         <input_file_ref idref="fl-d"/>
      </object_component>
      <object_component id="oc-da">
         <name>.const</name>
         <load_address>0xae68</load_address>
         <run_address>0xae68</run_address>
         <size>0xe</size>
         <input_file_ref idref="fl-2"/>
      </object_component>
      <object_component id="oc-12e">
         <name>.data</name>
         <load_address>0xaa34</load_address>
         <run_address>0xaa34</run_address>
         <size>0x2</size>
         <input_file_ref idref="fl-2"/>
      </object_component>
      <object_component id="oc-1bd">
         <name>.data</name>
         <load_address>0xaa2a</load_address>
         <run_address>0xaa2a</run_address>
         <size>0x6</size>
         <input_file_ref idref="fl-26"/>
      </object_component>
      <object_component id="oc-1c0">
         <name>.data:_lock</name>
         <load_address>0xaa30</load_address>
         <run_address>0xaa30</run_address>
         <size>0x2</size>
         <input_file_ref idref="fl-27"/>
      </object_component>
      <object_component id="oc-292">
         <name>.data:_unlock</name>
         <load_address>0xaa32</load_address>
         <run_address>0xaa32</run_address>
         <size>0x2</size>
         <input_file_ref idref="fl-27"/>
      </object_component>
      <object_component id="oc-b4">
         <name>.TI.ramfunc:DAB_Control_ISR</name>
         <load_address>0x1b1</load_address>
         <run_address>0x1b1</run_address>
         <size>0x68</size>
         <input_file_ref idref="fl-2"/>
      </object_component>
      <object_component id="oc-40">
         <name>.TI.ramfunc:INT_myCPUTIMER2_ISR</name>
         <load_address>0x219</load_address>
         <run_address>0x219</run_address>
         <size>0x3d</size>
         <input_file_ref idref="fl-2"/>
      </object_component>
      <object_component id="oc-222">
         <name>.TI.ramfunc</name>
         <load_address>0x256</load_address>
         <run_address>0x256</run_address>
         <size>0x4</size>
         <input_file_ref idref="fl-13"/>
      </object_component>
      <object_component id="oc-a4">
         <name>.debug_types</name>
         <load_address>0x0</load_address>
         <run_address>0x0</run_address>
         <size>0xd88</size>
         <input_file_ref idref="fl-2"/>
      </object_component>
      <object_component id="oc-b2">
         <name>.debug_types</name>
         <load_address>0xd88</load_address>
         <run_address>0xd88</run_address>
         <size>0x2ed2</size>
         <input_file_ref idref="fl-3"/>
      </object_component>
      <object_component id="oc-157">
         <name>.debug_types</name>
         <load_address>0x3c5a</load_address>
         <run_address>0x3c5a</run_address>
         <size>0x1f86</size>
         <input_file_ref idref="fl-5"/>
      </object_component>
      <object_component id="oc-597">
         <name>.debug_types</name>
         <load_address>0x5be0</load_address>
         <run_address>0x5be0</run_address>
         <size>0x157</size>
         <input_file_ref idref="fl-d"/>
      </object_component>
      <object_component id="oc-5ab">
         <name>.debug_types</name>
         <load_address>0x0</load_address>
         <run_address>0x0</run_address>
         <size>0x0</size>
         <input_file_ref idref="fl-e"/>
      </object_component>
      <object_component id="oc-438">
         <name>.debug_types</name>
         <load_address>0x5d37</load_address>
         <run_address>0x5d37</run_address>
         <size>0xa2</size>
         <input_file_ref idref="fl-f"/>
      </object_component>
      <object_component id="oc-497">
         <name>.debug_types</name>
         <load_address>0x5dd9</load_address>
         <run_address>0x5dd9</run_address>
         <size>0x450</size>
         <input_file_ref idref="fl-10"/>
      </object_component>
      <object_component id="oc-bd">
         <name>.debug_types</name>
         <load_address>0x0</load_address>
         <run_address>0x0</run_address>
         <size>0x0</size>
         <input_file_ref idref="fl-11"/>
      </object_component>
      <object_component id="oc-c0">
         <name>.debug_types</name>
         <load_address>0x6229</load_address>
         <run_address>0x6229</run_address>
         <size>0x1e3</size>
         <input_file_ref idref="fl-12"/>
      </object_component>
      <object_component id="oc-2c7">
         <name>.debug_types</name>
         <load_address>0x640c</load_address>
         <run_address>0x640c</run_address>
         <size>0x8b4</size>
         <input_file_ref idref="fl-13"/>
      </object_component>
      <object_component id="oc-184">
         <name>.debug_types</name>
         <load_address>0x0</load_address>
         <run_address>0x0</run_address>
         <size>0x0</size>
         <input_file_ref idref="fl-21"/>
      </object_component>
      <object_component id="oc-1d7">
         <name>.debug_types</name>
         <load_address>0x6cc0</load_address>
         <run_address>0x6cc0</run_address>
         <size>0x46c</size>
         <input_file_ref idref="fl-22"/>
      </object_component>
      <object_component id="oc-cc">
         <name>.debug_types</name>
         <load_address>0x712c</load_address>
         <run_address>0x712c</run_address>
         <size>0x1f3</size>
         <input_file_ref idref="fl-23"/>
      </object_component>
      <object_component id="oc-6e">
         <name>.debug_types</name>
         <load_address>0x0</load_address>
         <run_address>0x0</run_address>
         <size>0x0</size>
         <input_file_ref idref="fl-24"/>
      </object_component>
      <object_component id="oc-66">
         <name>.debug_types</name>
         <load_address>0x731f</load_address>
         <run_address>0x731f</run_address>
         <size>0x191</size>
         <input_file_ref idref="fl-25"/>
      </object_component>
      <object_component id="oc-1c4">
         <name>.debug_types</name>
         <load_address>0x74b0</load_address>
         <run_address>0x74b0</run_address>
         <size>0xbf</size>
         <input_file_ref idref="fl-26"/>
      </object_component>
      <object_component id="oc-211">
         <name>.debug_types</name>
         <load_address>0x756f</load_address>
         <run_address>0x756f</run_address>
         <size>0x2f</size>
         <input_file_ref idref="fl-27"/>
      </object_component>
      <object_component id="oc-1bc">
         <name>.debug_types</name>
         <load_address>0x759e</load_address>
         <run_address>0x759e</run_address>
         <size>0xe1</size>
         <input_file_ref idref="fl-28"/>
      </object_component>
      <object_component id="oc-c7">
         <name>.debug_types</name>
         <load_address>0x767f</load_address>
         <run_address>0x767f</run_address>
         <size>0xb8</size>
         <input_file_ref idref="fl-2b"/>
      </object_component>
      <object_component id="oc-216">
         <name>.debug_types</name>
         <load_address>0x0</load_address>
         <run_address>0x0</run_address>
         <size>0x0</size>
         <input_file_ref idref="fl-2c"/>
      </object_component>
      <object_component id="oc-a1">
         <name>.debug_info</name>
         <load_address>0x0</load_address>
         <run_address>0x0</run_address>
         <size>0x1a2</size>
         <input_file_ref idref="fl-2"/>
      </object_component>
      <object_component id="oc-db">
         <name>.debug_info</name>
         <load_address>0x1a2</load_address>
         <run_address>0x1a2</run_address>
         <size>0x1c0</size>
         <input_file_ref idref="fl-2"/>
      </object_component>
      <object_component id="oc-12f">
         <name>.debug_info</name>
         <load_address>0x362</load_address>
         <run_address>0x362</run_address>
         <size>0xf8</size>
         <input_file_ref idref="fl-2"/>
      </object_component>
      <object_component id="oc-1fe">
         <name>.debug_info</name>
         <load_address>0x45a</load_address>
         <run_address>0x45a</run_address>
         <size>0xfc</size>
         <input_file_ref idref="fl-2"/>
      </object_component>
      <object_component id="oc-201">
         <name>.debug_info</name>
         <load_address>0x556</load_address>
         <run_address>0x556</run_address>
         <size>0xfc</size>
         <input_file_ref idref="fl-2"/>
      </object_component>
      <object_component id="oc-e1">
         <name>.debug_info</name>
         <load_address>0x652</load_address>
         <run_address>0x652</run_address>
         <size>0x183</size>
         <input_file_ref idref="fl-2"/>
      </object_component>
      <object_component id="oc-8c">
         <name>.debug_info</name>
         <load_address>0x7d5</load_address>
         <run_address>0x7d5</run_address>
         <size>0x1dc</size>
         <input_file_ref idref="fl-2"/>
      </object_component>
      <object_component id="oc-92">
         <name>.debug_info</name>
         <load_address>0x9b1</load_address>
         <run_address>0x9b1</run_address>
         <size>0x1f0</size>
         <input_file_ref idref="fl-2"/>
      </object_component>
      <object_component id="oc-98">
         <name>.debug_info</name>
         <load_address>0xba1</load_address>
         <run_address>0xba1</run_address>
         <size>0x1ec</size>
         <input_file_ref idref="fl-2"/>
      </object_component>
      <object_component id="oc-9e">
         <name>.debug_info</name>
         <load_address>0xd8d</load_address>
         <run_address>0xd8d</run_address>
         <size>0x193</size>
         <input_file_ref idref="fl-2"/>
      </object_component>
      <object_component id="oc-166">
         <name>.debug_info</name>
         <load_address>0xf20</load_address>
         <run_address>0xf20</run_address>
         <size>0x186</size>
         <input_file_ref idref="fl-2"/>
      </object_component>
      <object_component id="oc-174">
         <name>.debug_info</name>
         <load_address>0x10a6</load_address>
         <run_address>0x10a6</run_address>
         <size>0x1d8</size>
         <input_file_ref idref="fl-2"/>
      </object_component>
      <object_component id="oc-12c">
         <name>.debug_info</name>
         <load_address>0x127e</load_address>
         <run_address>0x127e</run_address>
         <size>0x1ad</size>
         <input_file_ref idref="fl-2"/>
      </object_component>
      <object_component id="oc-17a">
         <name>.debug_info</name>
         <load_address>0x142b</load_address>
         <run_address>0x142b</run_address>
         <size>0x1d4</size>
         <input_file_ref idref="fl-2"/>
      </object_component>
      <object_component id="oc-113">
         <name>.debug_info</name>
         <load_address>0x15ff</load_address>
         <run_address>0x15ff</run_address>
         <size>0x1de</size>
         <input_file_ref idref="fl-2"/>
      </object_component>
      <object_component id="oc-119">
         <name>.debug_info</name>
         <load_address>0x17dd</load_address>
         <run_address>0x17dd</run_address>
         <size>0x22c</size>
         <input_file_ref idref="fl-2"/>
      </object_component>
      <object_component id="oc-16e">
         <name>.debug_info</name>
         <load_address>0x1a09</load_address>
         <run_address>0x1a09</run_address>
         <size>0x258</size>
         <input_file_ref idref="fl-2"/>
      </object_component>
      <object_component id="oc-126">
         <name>.debug_info</name>
         <load_address>0x1c61</load_address>
         <run_address>0x1c61</run_address>
         <size>0x1bf</size>
         <input_file_ref idref="fl-2"/>
      </object_component>
      <object_component id="oc-83">
         <name>.debug_info</name>
         <load_address>0x1e20</load_address>
         <run_address>0x1e20</run_address>
         <size>0x121</size>
         <input_file_ref idref="fl-2"/>
      </object_component>
      <object_component id="oc-11d">
         <name>.debug_info</name>
         <load_address>0x1f41</load_address>
         <run_address>0x1f41</run_address>
         <size>0x396</size>
         <input_file_ref idref="fl-2"/>
      </object_component>
      <object_component id="oc-15e">
         <name>.debug_info</name>
         <load_address>0x22d7</load_address>
         <run_address>0x22d7</run_address>
         <size>0x14a</size>
         <input_file_ref idref="fl-2"/>
      </object_component>
      <object_component id="oc-b6">
         <name>.debug_info</name>
         <load_address>0x2421</load_address>
         <run_address>0x2421</run_address>
         <size>0x228</size>
         <input_file_ref idref="fl-2"/>
      </object_component>
      <object_component id="oc-1b9">
         <name>.debug_info</name>
         <load_address>0x2649</load_address>
         <run_address>0x2649</run_address>
         <size>0x190</size>
         <input_file_ref idref="fl-2"/>
      </object_component>
      <object_component id="oc-32">
         <name>.debug_info</name>
         <load_address>0x27d9</load_address>
         <run_address>0x27d9</run_address>
         <size>0x1e5</size>
         <input_file_ref idref="fl-2"/>
      </object_component>
      <object_component id="oc-3e">
         <name>.debug_info</name>
         <load_address>0x29be</load_address>
         <run_address>0x29be</run_address>
         <size>0x1d2</size>
         <input_file_ref idref="fl-2"/>
      </object_component>
      <object_component id="oc-108">
         <name>.debug_info</name>
         <load_address>0x2b90</load_address>
         <run_address>0x2b90</run_address>
         <size>0x138</size>
         <input_file_ref idref="fl-2"/>
      </object_component>
      <object_component id="oc-44">
         <name>.debug_info</name>
         <load_address>0x2cc8</load_address>
         <run_address>0x2cc8</run_address>
         <size>0x144</size>
         <input_file_ref idref="fl-2"/>
      </object_component>
      <object_component id="oc-580">
         <name>.debug_info</name>
         <load_address>0x2e0c</load_address>
         <run_address>0x2e0c</run_address>
         <size>0x17c</size>
         <input_file_ref idref="fl-3"/>
      </object_component>
      <object_component id="oc-4a7">
         <name>.debug_info</name>
         <load_address>0x2f88</load_address>
         <run_address>0x2f88</run_address>
         <size>0x1c9</size>
         <input_file_ref idref="fl-3"/>
      </object_component>
      <object_component id="oc-4cb">
         <name>.debug_info</name>
         <load_address>0x3151</load_address>
         <run_address>0x3151</run_address>
         <size>0x237</size>
         <input_file_ref idref="fl-3"/>
      </object_component>
      <object_component id="oc-4d1">
         <name>.debug_info</name>
         <load_address>0x3388</load_address>
         <run_address>0x3388</run_address>
         <size>0x215</size>
         <input_file_ref idref="fl-3"/>
      </object_component>
      <object_component id="oc-4b3">
         <name>.debug_info</name>
         <load_address>0x359d</load_address>
         <run_address>0x359d</run_address>
         <size>0x1d7</size>
         <input_file_ref idref="fl-3"/>
      </object_component>
      <object_component id="oc-4f1">
         <name>.debug_info</name>
         <load_address>0x3774</load_address>
         <run_address>0x3774</run_address>
         <size>0x1df</size>
         <input_file_ref idref="fl-3"/>
      </object_component>
      <object_component id="oc-4b9">
         <name>.debug_info</name>
         <load_address>0x3953</load_address>
         <run_address>0x3953</run_address>
         <size>0x1a0</size>
         <input_file_ref idref="fl-3"/>
      </object_component>
      <object_component id="oc-4dd">
         <name>.debug_info</name>
         <load_address>0x3af3</load_address>
         <run_address>0x3af3</run_address>
         <size>0x1d5</size>
         <input_file_ref idref="fl-3"/>
      </object_component>
      <object_component id="oc-4bf">
         <name>.debug_info</name>
         <load_address>0x3cc8</load_address>
         <run_address>0x3cc8</run_address>
         <size>0x1a2</size>
         <input_file_ref idref="fl-3"/>
      </object_component>
      <object_component id="oc-4c5">
         <name>.debug_info</name>
         <load_address>0x3e6a</load_address>
         <run_address>0x3e6a</run_address>
         <size>0x1c5</size>
         <input_file_ref idref="fl-3"/>
      </object_component>
      <object_component id="oc-4e9">
         <name>.debug_info</name>
         <load_address>0x402f</load_address>
         <run_address>0x402f</run_address>
         <size>0x1f7</size>
         <input_file_ref idref="fl-3"/>
      </object_component>
      <object_component id="oc-4d7">
         <name>.debug_info</name>
         <load_address>0x4226</load_address>
         <run_address>0x4226</run_address>
         <size>0x239</size>
         <input_file_ref idref="fl-3"/>
      </object_component>
      <object_component id="oc-4e3">
         <name>.debug_info</name>
         <load_address>0x445f</load_address>
         <run_address>0x445f</run_address>
         <size>0x203</size>
         <input_file_ref idref="fl-3"/>
      </object_component>
      <object_component id="oc-a9">
         <name>.debug_info</name>
         <load_address>0x4662</load_address>
         <run_address>0x4662</run_address>
         <size>0x1d0</size>
         <input_file_ref idref="fl-3"/>
      </object_component>
      <object_component id="oc-2f5">
         <name>.debug_info</name>
         <load_address>0x4832</load_address>
         <run_address>0x4832</run_address>
         <size>0x193</size>
         <input_file_ref idref="fl-3"/>
      </object_component>
      <object_component id="oc-2fb">
         <name>.debug_info</name>
         <load_address>0x49c5</load_address>
         <run_address>0x49c5</run_address>
         <size>0x19b</size>
         <input_file_ref idref="fl-3"/>
      </object_component>
      <object_component id="oc-5b1">
         <name>.debug_info</name>
         <load_address>0x4b60</load_address>
         <run_address>0x4b60</run_address>
         <size>0x189</size>
         <input_file_ref idref="fl-3"/>
      </object_component>
      <object_component id="oc-511">
         <name>.debug_info</name>
         <load_address>0x4ce9</load_address>
         <run_address>0x4ce9</run_address>
         <size>0x1c7</size>
         <input_file_ref idref="fl-3"/>
      </object_component>
      <object_component id="oc-51d">
         <name>.debug_info</name>
         <load_address>0x4eb0</load_address>
         <run_address>0x4eb0</run_address>
         <size>0x1cd</size>
         <input_file_ref idref="fl-3"/>
      </object_component>
      <object_component id="oc-517">
         <name>.debug_info</name>
         <load_address>0x507d</load_address>
         <run_address>0x507d</run_address>
         <size>0x1bc</size>
         <input_file_ref idref="fl-3"/>
      </object_component>
      <object_component id="oc-523">
         <name>.debug_info</name>
         <load_address>0x5239</load_address>
         <run_address>0x5239</run_address>
         <size>0x1bf</size>
         <input_file_ref idref="fl-3"/>
      </object_component>
      <object_component id="oc-50b">
         <name>.debug_info</name>
         <load_address>0x53f8</load_address>
         <run_address>0x53f8</run_address>
         <size>0x1c0</size>
         <input_file_ref idref="fl-3"/>
      </object_component>
      <object_component id="oc-505">
         <name>.debug_info</name>
         <load_address>0x55b8</load_address>
         <run_address>0x55b8</run_address>
         <size>0x1d9</size>
         <input_file_ref idref="fl-3"/>
      </object_component>
      <object_component id="oc-4ff">
         <name>.debug_info</name>
         <load_address>0x5791</load_address>
         <run_address>0x5791</run_address>
         <size>0x1ee</size>
         <input_file_ref idref="fl-3"/>
      </object_component>
      <object_component id="oc-52a">
         <name>.debug_info</name>
         <load_address>0x597f</load_address>
         <run_address>0x597f</run_address>
         <size>0x17f</size>
         <input_file_ref idref="fl-3"/>
      </object_component>
      <object_component id="oc-346">
         <name>.debug_info</name>
         <load_address>0x5afe</load_address>
         <run_address>0x5afe</run_address>
         <size>0x1cd</size>
         <input_file_ref idref="fl-3"/>
      </object_component>
      <object_component id="oc-3ca">
         <name>.debug_info</name>
         <load_address>0x5ccb</load_address>
         <run_address>0x5ccb</run_address>
         <size>0x1d1</size>
         <input_file_ref idref="fl-3"/>
      </object_component>
      <object_component id="oc-334">
         <name>.debug_info</name>
         <load_address>0x5e9c</load_address>
         <run_address>0x5e9c</run_address>
         <size>0x210</size>
         <input_file_ref idref="fl-3"/>
      </object_component>
      <object_component id="oc-35e">
         <name>.debug_info</name>
         <load_address>0x60ac</load_address>
         <run_address>0x60ac</run_address>
         <size>0x1d3</size>
         <input_file_ref idref="fl-3"/>
      </object_component>
      <object_component id="oc-364">
         <name>.debug_info</name>
         <load_address>0x627f</load_address>
         <run_address>0x627f</run_address>
         <size>0x1ea</size>
         <input_file_ref idref="fl-3"/>
      </object_component>
      <object_component id="oc-3d0">
         <name>.debug_info</name>
         <load_address>0x6469</load_address>
         <run_address>0x6469</run_address>
         <size>0x1ae</size>
         <input_file_ref idref="fl-3"/>
      </object_component>
      <object_component id="oc-352">
         <name>.debug_info</name>
         <load_address>0x6617</load_address>
         <run_address>0x6617</run_address>
         <size>0x1b0</size>
[...]
         <usage_details>
         </usage_details>
      </memory_area>
      <memory_area display="yes" color="green">
         <name>FLASH7</name>
         <page_id>0x0</page_id>
         <origin>0xa0000</origin>
         <length>0x8000</length>
         <used_space>0x0</used_space>
         <unused_space>0x8000</unused_space>
         <attributes>RWIX</attributes>
         <usage_details>
         </usage_details>
      </memory_area>
      <memory_area display="yes" color="green">
         <name>FLASH8</name>
         <page_id>0x0</page_id>
         <origin>0xa8000</origin>
         <length>0x8000</length>
         <used_space>0x0</used_space>
         <unused_space>0x8000</unused_space>
         <attributes>RWIX</attributes>
         <usage_details>
         </usage_details>
      </memory_area>
      <memory_area display="yes" color="green">
         <name>FLASH9</name>
         <page_id>0x0</page_id>
         <origin>0xb0000</origin>
         <length>0x8000</length>
         <used_space>0x0</used_space>
         <unused_space>0x8000</unused_space>
         <attributes>RWIX</attributes>
         <usage_details>
         </usage_details>
      </memory_area>
      <memory_area display="yes" color="green">
         <name>FLASH10</name>
         <page_id>0x0</page_id>
         <origin>0xb8000</origin>
         <length>0x2000</length>
         <used_space>0x0</used_space>
         <unused_space>0x2000</unused_space>
         <attributes>RWIX</attributes>
         <usage_details>
         </usage_details>
      </memory_area>
      <memory_area display="yes" color="green">
         <name>FLASH11</name>
         <page_id>0x0</page_id>
         <origin>0xba000</origin>
         <length>0x2000</length>
         <used_space>0x0</used_space>
         <unused_space>0x2000</unused_space>
         <attributes>RWIX</attributes>
         <usage_details>
         </usage_details>
      </memory_area>
      <memory_area display="yes" color="green">
         <name>FLASH12</name>
         <page_id>0x0</page_id>
         <origin>0xbc000</origin>
         <length>0x2000</length>
         <used_space>0x0</used_space>
         <unused_space>0x2000</unused_space>
         <attributes>RWIX</attributes>
         <usage_details>
         </usage_details>
      </memory_area>
      <memory_area display="yes" color="green">
         <name>FLASH13</name>
         <page_id>0x0</page_id>
         <origin>0xbe000</origin>
         <length>0x2000</length>
         <used_space>0x0</used_space>
         <unused_space>0x2000</unused_space>
         <attributes>RWIX</attributes>
         <usage_details>
         </usage_details>
      </memory_area>
      <memory_area display="no" color="green">
         <name>RESET</name>
         <page_id>0x0</page_id>
         <origin>0x3fffc0</origin>
         <length>0x2</length>
         <used_space>0x0</used_space>
         <unused_space>0x2</unused_space>
         <attributes>RWIX</attributes>
         <usage_details>
         </usage_details>
      </memory_area>
   </placement_map>
   <cptbl_list>
      <cptbl>
         <name>__TI_cinit_table</name>
         <cprec>
            <name>.data</name>
            <load_address>0x25a</load_address>
            <load_size>0x9</load_size>
            <run_address>0xaa2a</run_address>
            <run_size>0xc</run_size>
            <compression>lzss</compression>
         </cprec>
         <cprec>
            <name>.bss</name>
            <load_address>0x26a</load_address>
            <load_size>0x4</load_size>
            <run_address>0xa800</run_address>
            <run_size>0x22a</run_size>
            <compression>zero_init</compression>
         </cprec>
      </cptbl>
   </cptbl_list>
   <handler_table>
      <handler_table_name>__TI_handler_table</handler_table_name>
      <handler>
         <index>0x0</index>
         <name>__TI_zero_init</name>
      </handler>
      <handler>
         <index>0x1</index>
         <name>__TI_decompress_lzss</name>
      </handler>
      <handler>
         <index>0x2</index>
         <name>__TI_decompress_none</name>
      </handler>
   </handler_table>
   <symbol_table>
      <symbol id="sm-1">
         <name>__TI_CINIT_Base</name>
         <value>0x26e</value>
      </symbol>
      <symbol id="sm-2">
         <name>__TI_CINIT_Limit</name>
         <value>0x276</value>
      </symbol>
      <symbol id="sm-3">
         <name>__TI_CINIT_Warm</name>
         <value>0x276</value>
      </symbol>
      <symbol id="sm-4">
         <name>__TI_Handler_Table_Base</name>
         <value>0x264</value>
      </symbol>
      <symbol id="sm-5">
         <name>__TI_Handler_Table_Limit</name>
         <value>0x26a</value>
      </symbol>
      <symbol id="sm-6">
         <name>__TI_STACK_SIZE</name>
         <value>0x3f8</value>
      </symbol>
      <symbol id="sm-7">
         <name>__TI_STACK_END</name>
         <value>0x7f8</value>
      </symbol>
      <symbol id="sm-8">
         <name>__TI_pprof_out_hndl</name>
         <value>0xffffffff</value>
      </symbol>
      <symbol id="sm-9">
         <name>__TI_prof_data_start</name>
         <value>0xffffffff</value>
      </symbol>
      <symbol id="sm-a">
         <name>__TI_prof_data_size</name>
         <value>0xffffffff</value>
      </symbol>
      <symbol id="sm-125">
         <name>DAB_setPhaseShift_Base</name>
         <value>0xca9a</value>
         <object_component_ref idref="oc-11b"/>
      </symbol>
      <symbol id="sm-126">
         <name>INT_myCPUTIMER2_ISR</name>
         <value>0x219</value>
         <object_component_ref idref="oc-40"/>
      </symbol>
      <symbol id="sm-127">
         <name>INT_ADCA_BASE_1_ISR</name>
         <value>0xcf87</value>
         <object_component_ref idref="oc-3a"/>
      </symbol>
      <symbol id="sm-128">
         <name>g_ISEC</name>
         <value>0xae6a</value>
         <object_component_ref idref="oc-da"/>
      </symbol>
      <symbol id="sm-129">
         <name>myADC1Results</name>
         <value>0xa900</value>
         <object_component_ref idref="oc-200"/>
      </symbol>
      <symbol id="sm-12a">
         <name>adcscalerDAB</name>
         <value>0xae68</value>
         <object_component_ref idref="oc-da"/>
      </symbol>
      <symbol id="sm-12b">
         <name>PS_meas</name>
         <value>0xaa04</value>
         <object_component_ref idref="oc-a0"/>
      </symbol>
      <symbol id="sm-12c">
         <name>INT_ADCD_BASE_1_ISR</name>
         <value>0x8000</value>
         <object_component_ref idref="oc-2e"/>
      </symbol>
      <symbol id="sm-12d">
         <name>targetTheta</name>
         <value>0xaa34</value>
         <object_component_ref idref="oc-12e"/>
      </symbol>
      <symbol id="sm-12e">
         <name>main</name>
         <value>0x823a</value>
         <object_component_ref idref="oc-1b5"/>
      </symbol>
      <symbol id="sm-12f">
         <name>myADC0Results</name>
         <value>0xa800</value>
         <object_component_ref idref="oc-1fd"/>
      </symbol>
      <symbol id="sm-130">
         <name>bufferFull</name>
         <value>0xaa02</value>
         <object_component_ref idref="oc-a0"/>
      </symbol>
      <symbol id="sm-131">
         <name>DAB_SOCA_MEAS</name>
         <value>0xc9de</value>
         <object_component_ref idref="oc-81"/>
      </symbol>
      <symbol id="sm-132">
         <name>g_VPRIM</name>
         <value>0xae74</value>
         <object_component_ref idref="oc-da"/>
      </symbol>
      <symbol id="sm-133">
         <name>meas1v65</name>
         <value>0xaa06</value>
         <object_component_ref idref="oc-a0"/>
      </symbol>
      <symbol id="sm-134">
         <name>DAB_Control_ISR</name>
         <value>0x1b1</value>
         <object_component_ref idref="oc-b4"/>
      </symbol>
      <symbol id="sm-135">
         <name>DAB_enablePWM</name>
         <value>0x915e</value>
         <object_component_ref idref="oc-104"/>
      </symbol>
      <symbol id="sm-136">
         <name>g_ITANK</name>
         <value>0xae72</value>
         <object_component_ref idref="oc-da"/>
      </symbol>
      <symbol id="sm-137">
         <name>cur_state</name>
         <value>0xaa08</value>
         <object_component_ref idref="oc-a0"/>
      </symbol>
      <symbol id="sm-138">
         <name>index1</name>
         <value>0xaa01</value>
         <object_component_ref idref="oc-a0"/>
      </symbol>
      <symbol id="sm-139">
         <name>index0</name>
         <value>0xaa00</value>
         <object_component_ref idref="oc-a0"/>
      </symbol>
      <symbol id="sm-13a">
         <name>g_IPRIM</name>
         <value>0xae70</value>
         <object_component_ref idref="oc-da"/>
      </symbol>
      <symbol id="sm-13b">
         <name>g_VSEC</name>
         <value>0xae6e</value>
         <object_component_ref idref="oc-da"/>
      </symbol>
      <symbol id="sm-13c">
         <name>g_TEMP</name>
         <value>0xae6c</value>
         <object_component_ref idref="oc-da"/>
      </symbol>
      <symbol id="sm-3b7">
         <name>INTERRUPT_init</name>
         <value>0x873d</value>
         <object_component_ref idref="oc-34"/>
      </symbol>
      <symbol id="sm-3b8">
         <name>PinMux_init</name>
         <value>0xcd23</value>
         <object_component_ref idref="oc-26f"/>
      </symbol>
      <symbol id="sm-3b9">
         <name>Board_init</name>
         <value>0x87f0</value>
         <object_component_ref idref="oc-1f7"/>
      </symbol>
      <symbol id="sm-3ba">
         <name>ADCD_BASE_init</name>
         <value>0xce02</value>
         <object_component_ref idref="oc-2fe"/>
      </symbol>
      <symbol id="sm-3bb">
         <name>ADCA_BASE_init</name>
         <value>0x805c</value>
         <object_component_ref idref="oc-304"/>
      </symbol>
      <symbol id="sm-3bc">
         <name>ADCB_BASE_init</name>
         <value>0x8432</value>
         <object_component_ref idref="oc-310"/>
      </symbol>
      <symbol id="sm-3bd">
         <name>ADCC_BASE_init</name>
         <value>0x846b</value>
         <object_component_ref idref="oc-30a"/>
      </symbol>
      <symbol id="sm-3be">
         <name>ADC_init</name>
         <value>0x914c</value>
         <object_component_ref idref="oc-27b"/>
      </symbol>
      <symbol id="sm-3bf">
         <name>SYNC_init</name>
         <value>0x9142</value>
         <object_component_ref idref="oc-275"/>
      </symbol>
      <symbol id="sm-3c0">
         <name>EPWM_init</name>
         <value>0xc000</value>
         <object_component_ref idref="oc-287"/>
      </symbol>
      <symbol id="sm-3c1">
         <name>CPUTIMER_init</name>
         <value>0x8ffd</value>
         <object_component_ref idref="oc-281"/>
      </symbol>
      <symbol id="sm-3c2">
         <name>myCPUTIMER2_init</name>
         <value>0x8699</value>
         <object_component_ref idref="oc-317"/>
      </symbol>
      <symbol id="sm-433">
         <name>Device_enableAllPeripherals</name>
         <value>0xc3fa</value>
         <object_component_ref idref="oc-25a"/>
      </symbol>
      <symbol id="sm-434">
         <name>Device_verifyXTAL</name>
         <value>0x89fb</value>
         <object_component_ref idref="oc-223"/>
      </symbol>
      <symbol id="sm-435">
         <name>Device_initGPIO</name>
         <value>0x8886</value>
         <object_component_ref idref="oc-1eb"/>
      </symbol>
      <symbol id="sm-436">
         <name>Device_init</name>
         <value>0xcf2b</value>
         <object_component_ref idref="oc-1e5"/>
      </symbol>
      <symbol id="sm-437">
         <name>Device_enableUnbondedGPIOPullups</name>
         <value>0x905b</value>
         <object_component_ref idref="oc-267"/>
      </symbol>
      <symbol id="sm-438">
         <name>__error__</name>
         <value>0x9185</value>
         <object_component_ref idref="oc-e4"/>
      </symbol>
      <symbol id="sm-439">
         <name>Device_enableUnbondedGPIOPullupsFor176Pin</name>
         <value>0x9000</value>
         <object_component_ref idref="oc-2d7"/>
      </symbol>
      <symbol id="sm-448">
         <name>code_start</name>
         <value>0x0</value>
         <object_component_ref idref="oc-29"/>
      </symbol>
      <symbol id="sm-48b">
         <name>ADC_setOffsetTrim</name>
         <value>0x80b5</value>
         <object_component_ref idref="oc-590"/>
      </symbol>
      <symbol id="sm-48c">
         <name>ADC_setMode</name>
         <value>0x86ed</value>
         <object_component_ref idref="oc-4a9"/>
      </symbol>
      <symbol id="sm-48d">
         <name>ADC_setINLTrim</name>
         <value>0xcd96</value>
         <object_component_ref idref="oc-58a"/>
      </symbol>
      <symbol id="sm-4a7">
         <name>CPUTimer_setEmulationMode</name>
         <value>0x8fea</value>
         <object_component_ref idref="oc-4f5"/>
      </symbol>
      <symbol id="sm-552">
         <name>DCC_verifyClockFrequency</name>
         <value>0xc913</value>
         <object_component_ref idref="oc-2a6"/>
      </symbol>
      <symbol id="sm-582">
         <name>GPIO_setQualificationMode</name>
         <value>0x84db</value>
         <object_component_ref idref="oc-2ea"/>
      </symbol>
      <symbol id="sm-583">
         <name>GPIO_setPadConfig</name>
         <value>0x8109</value>
         <object_component_ref idref="oc-2e4"/>
      </symbol>
      <symbol id="sm-584">
         <name>GPIO_setPinConfig</name>
         <value>0x84a4</value>
         <object_component_ref idref="oc-2de"/>
      </symbol>
      <symbol id="sm-5d3">
         <name>Interrupt_defaultHandler</name>
         <value>0x8d98</value>
         <object_component_ref idref="oc-46"/>
      </symbol>
      <symbol id="sm-5d4">
         <name>Interrupt_initModule</name>
         <value>0x8381</value>
         <object_component_ref idref="oc-1f1"/>
      </symbol>
      <symbol id="sm-5d5">
         <name>Interrupt_nmiHandler</name>
         <value>0x9138</value>
         <object_component_ref idref="oc-5e"/>
      </symbol>
      <symbol id="sm-5d6">
         <name>Interrupt_enable</name>
         <value>0x8512</value>
         <object_component_ref idref="oc-ab"/>
      </symbol>
      <symbol id="sm-5d7">
         <name>Interrupt_initVectorTable</name>
         <value>0x8a55</value>
         <object_component_ref idref="oc-47"/>
      </symbol>
      <symbol id="sm-5d8">
         <name>Interrupt_illegalOperationHandler</name>
         <value>0x912e</value>
         <object_component_ref idref="oc-58"/>
      </symbol>
      <symbol id="sm-72c">
         <name>SysCtl_isPLLValid</name>
         <value>0xc693</value>
         <object_component_ref idref="oc-2c0"/>
      </symbol>
      <symbol id="sm-72d">
         <name>SysCtl_delay</name>
         <value>0x256</value>
         <object_component_ref idref="oc-222"/>
      </symbol>
      <symbol id="sm-72e">
         <name>SysCtl_getAuxClock</name>
         <value>0xce6a</value>
         <object_component_ref idref="oc-24e"/>
      </symbol>
      <symbol id="sm-72f">
         <name>SysCtl_selectXTALSingleEnded</name>
         <value>0x88e8</value>
         <object_component_ref idref="oc-440"/>
      </symbol>
      <symbol id="sm-730">
         <name>SysCtl_selectXTAL</name>
         <value>0x857f</value>
         <object_component_ref idref="oc-43a"/>
      </symbol>
      <symbol id="sm-731">
         <name>SysCtl_selectOscSource</name>
         <value>0x8281</value>
         <object_component_ref idref="oc-2b4"/>
      </symbol>
      <symbol id="sm-732">
         <name>SysCtl_getLowSpeedClock</name>
         <value>0x8bf6</value>
         <object_component_ref idref="oc-248"/>
      </symbol>
      <symbol id="sm-733">
         <name>SysCtl_setClock</name>
         <value>0xc561</value>
         <object_component_ref idref="oc-229"/>
      </symbol>
      <symbol id="sm-734">
         <name>SysCtl_getClock</name>
         <value>0xcecb</value>
         <object_component_ref idref="oc-241"/>
      </symbol>
      <symbol id="sm-735">
         <name>SysCtl_selectOscSourceAuxPLL</name>
         <value>0xc7ab</value>
         <object_component_ref idref="oc-2c9"/>
      </symbol>
      <symbol id="sm-736">
         <name>SysCtl_setAuxClock</name>
         <value>0xc800</value>
         <object_component_ref idref="oc-235"/>
      </symbol>
      <symbol id="sm-740">
         <name>_c_int00</name>
         <value>0x8c42</value>
         <object_component_ref idref="oc-d4"/>
      </symbol>
      <symbol id="sm-741">
         <name>__stack</name>
         <value>0x400</value>
         <object_component_ref idref="oc-64"/>
      </symbol>
      <symbol id="sm-74e">
         <name>__c28xabi_divf</name>
         <value>0xcb40</value>
         <object_component_ref idref="oc-10a"/>
      </symbol>
      <symbol id="sm-75b">
         <name>_system_pre_init</name>
         <value>0x9192</value>
         <object_component_ref idref="oc-13f"/>
      </symbol>
      <symbol id="sm-76a">
         <name>__TI_auto_init_nobinit_nopinit</name>
         <value>0x866e</value>
         <object_component_ref idref="oc-185"/>
      </symbol>
      <symbol id="sm-779">
         <name>__TI_zero_init_nomemset</name>
         <value>0x90f2</value>
         <object_component_ref idref="oc-6f"/>
      </symbol>
      <symbol id="sm-786">
         <name>__TI_decompress_none</name>
         <value>0x916e</value>
         <object_component_ref idref="oc-22"/>
      </symbol>
      <symbol id="sm-79a">
         <name>__TI_decompress_lzss</name>
         <value>0x85b5</value>
         <object_component_ref idref="oc-1c"/>
      </symbol>
      <symbol id="sm-7b0">
         <name>C$$EXIT</name>
         <value>0x86c4</value>
         <object_component_ref idref="oc-14c"/>
      </symbol>
      <symbol id="sm-7b1">
         <name>abort</name>
         <value>0x86c4</value>
         <object_component_ref idref="oc-14c"/>
      </symbol>
      <symbol id="sm-7b2">
         <name>exit</name>
         <value>0x86c6</value>
         <object_component_ref idref="oc-14c"/>
      </symbol>
      <symbol id="sm-7b3">
         <name>__TI_dtors_ptr</name>
         <value>0xaa2e</value>
         <object_component_ref idref="oc-1bd"/>
      </symbol>
      <symbol id="sm-7b4">
         <name>__TI_cleanup_ptr</name>
         <value>0xaa2c</value>
         <object_component_ref idref="oc-1bd"/>
      </symbol>
      <symbol id="sm-7b5">
         <name>__TI_enable_exit_profile_output</name>
         <value>0xaa2a</value>
         <object_component_ref idref="oc-1bd"/>
      </symbol>
      <symbol id="sm-7cc">
         <name>_nop</name>
         <value>0x915d</value>
         <object_component_ref idref="oc-209"/>
      </symbol>
      <symbol id="sm-7cd">
         <name>_lock</name>
         <value>0xaa30</value>
         <object_component_ref idref="oc-1c0"/>
      </symbol>
      <symbol id="sm-7ce">
         <name>_unlock</name>
         <value>0xaa32</value>
         <object_component_ref idref="oc-292"/>
      </symbol>
      <symbol id="sm-7cf">
         <name>_register_lock</name>
         <value>0x9159</value>
         <object_component_ref idref="oc-209"/>
      </symbol>
      <symbol id="sm-7d0">
         <name>_register_unlock</name>
         <value>0x9155</value>
         <object_component_ref idref="oc-209"/>
      </symbol>
      <symbol id="sm-7df">
         <name>_args_main</name>
         <value>0x9117</value>
         <object_component_ref idref="oc-146"/>
      </symbol>
      <symbol id="sm-7f3">
         <name>memcpy</name>
         <value>0x8aca</value>
         <object_component_ref idref="oc-67"/>
      </symbol>
      <symbol id="sm-800">
         <name>_system_post_cinit</name>
         <value>0x87ff</value>
         <object_component_ref idref="oc-1d0"/>
      </symbol>
      <symbol id="sm-802">
         <name>__c_args__</name>
         <value>0x0</value>
      </symbol>
   </symbol_table>
   <title>Link successful</title>
</link_info>
