******************************************************************************
             TMS320C2000 Linker Unix v22.6.1                   
******************************************************************************
>> Linked Thu Mar 27 20:53:36 2025

OUTPUT FILE NAME:   <adc_ex2_soc_epwm.out>
ENTRY POINT SYMBOL: "code_start"  address: 00000000


MEMORY CONFIGURATION

         name            origin    length      used     unused   attr    fill
----------------------  --------  ---------  --------  --------  ----  --------
  BEGIN                 00000000   00000002  00000002  00000000  RWIX
  BOOT_RSVD             00000002   000001af  00000000  000001af  RWIX
  RAMM0                 000001b1   0000024f  000000c5  0000018a  RWIX
  RAMM1                 00000400   000003f8  000003f8  00000000  RWIX
  RAMLS0                00008000   00000800  00000800  00000000  RWIX
  RAMLS1                00008800   00000800  00000800  00000000  RWIX
  RAMLS2                00009000   00000800  00000194  0000066c  RWIX
  RAMLS3                00009800   00000800  00000000  00000800  RWIX
  RAMLS4                0000a000   00000800  00000000  00000800  RWIX
  RAMLS5                0000a800   00000800  00000676  0000018a  RWIX
  RAMLS6                0000b000   00000800  00000000  00000800  RWIX
  RAMLS7                0000b800   00000800  00000000  00000800  RWIX
  RAMD0                 0000c000   00000800  00000800  00000000  RWIX
  RAMD1                 0000c800   00000800  00000800  00000000  RWIX
  RAMGS0                0000d000   00001000  00000000  00001000  RWIX
  RAMGS1                0000e000   00001000  00000000  00001000  RWIX
  RAMGS2                0000f000   00001000  00000000  00001000  RWIX
  RAMGS3                00010000   00001000  00000000  00001000  RWIX
  RAMGS4                00011000   00001000  00000000  00001000  RWIX
  RAMGS5                00012000   00001000  00000000  00001000  RWIX
  RAMGS6                00013000   00001000  00000000  00001000  RWIX
  RAMGS7                00014000   00001000  00000000  00001000  RWIX
  RAMGS8                00015000   00001000  00000000  00001000  RWIX
  RAMGS9                00016000   00001000  00000000  00001000  RWIX
  RAMGS10               00017000   00001000  00000000  00001000  RWIX
  RAMGS11               00018000   00001000  00000000  00001000  RWIX
  RAMGS12               00019000   00001000  00000000  00001000  RWIX
  RAMGS13               0001a000   00001000  00000000  00001000  RWIX
  RAMGS14               0001b000   00001000  00000000  00001000  RWIX
  RAMGS15               0001c000   00000ff8  00000000  00000ff8  RWIX
  CMTOCPURAM            00038000   00000800  00000000  00000800  RWIX
  CPUTOCMRAM            00039000   00000800  00000000  00000800  RWIX
  CPU1TOCPU2RAM         0003a000   00000800  00000000  00000800  RWIX
  CPU2TOCPU1RAM         0003b000   00000800  00000000  00000800  RWIX
  CANA_MSG_RAM          00049000   00000800  00000000  00000800  RWIX
  CANB_MSG_RAM          0004b000   00000800  00000000  00000800  RWIX
  FLASH0                00080000   00002000  00000000  00002000  RWIX
  FLASH1                00082000   00002000  00000000  00002000  RWIX
  FLASH2                00084000   00002000  00000000  00002000  RWIX
  FLASH3                00086000   00002000  00000000  00002000  RWIX
  FLASH4                00088000   00008000  00000000  00008000  RWIX
  FLASH5                00090000   00008000  00000000  00008000  RWIX
  FLASH6                00098000   00008000  00000000  00008000  RWIX
  FLASH7                000a0000   00008000  00000000  00008000  RWIX
  FLASH8                000a8000   00008000  00000000  00008000  RWIX
  FLASH9                000b0000   00008000  00000000  00008000  RWIX
  FLASH10               000b8000   00002000  00000000  00002000  RWIX
  FLASH11               000ba000   00002000  00000000  00002000  RWIX
  FLASH12               000bc000   00002000  00000000  00002000  RWIX
  FLASH13               000be000   00002000  00000000  00002000  RWIX
  RESET                 003fffc0   00000002  00000000  00000002  RWIX


SECTION ALLOCATION MAP

 output                                  attributes/
section   page    origin      length       input sections
--------  ----  ----------  ----------   ----------------
codestart 
*          0    00000000    00000002     
                  00000000    00000002     f2838x_codestartbranch.obj (codestart)

.cinit     0    0000025a    0000001c     
                  0000025a    00000009     (.cinit..data.load) [load image, compression = lzss]
                  00000263    00000001     --HOLE-- [fill = 0]
                  00000264    00000006     (__TI_handler_table)
                  0000026a    00000004     (.cinit..bss.load) [load image, compression = zero_init]
                  0000026e    00000008     (__TI_cinit_table)

.reset     0    003fffc0    00000000     DSECT

.stack     0    00000400    000003f8     UNINITIALIZED
                  00000400    000003f8     --HOLE--

.bss       0    0000a800    0000022a     UNINITIALIZED
                  0000a800    00000100     adc_ex2_soc_epwm.obj (.bss:myADC0Results)
                  0000a900    00000100     adc_ex2_soc_epwm.obj (.bss:myADC1Results)
                  0000aa00    0000002a     adc_ex2_soc_epwm.obj (.bss)

.init_array 
*          0    000001b1    00000000     UNINITIALIZED

.data      0    0000aa2a    0000000c     UNINITIALIZED
                  0000aa2a    00000006     rts2800_fpu64_eabi.lib : exit.c.obj (.data)
                  0000aa30    00000002                            : _lock.c.obj (.data:_lock)
                  0000aa32    00000002                            : _lock.c.obj (.data:_unlock)
                  0000aa34    00000002     adc_ex2_soc_epwm.obj (.data)

.const     0    0000aa36    00000440     
                  0000aa36    000000e2     board.obj (.const:.string)
                  0000ab18    00000097     driverlib.lib : gpio.obj (.const:.string)
                  0000abaf    00000001     --HOLE-- [fill = 0]
                  0000abb0    00000097                   : sysctl.obj (.const:.string)
                  0000ac47    00000001     --HOLE-- [fill = 0]
                  0000ac48    00000094     adc_ex2_soc_epwm.obj (.const:.string)
                  0000acdc    00000094     driverlib.lib : dcc.obj (.const:.string)
                  0000ad70    0000005d     device.obj (.const:.string)
                  0000adcd    00000001     --HOLE-- [fill = 0]
                  0000adce    0000004f     driverlib.lib : cputimer.obj (.const:.string)
                  0000ae1d    00000001     --HOLE-- [fill = 0]
                  0000ae1e    0000004a                   : adc.obj (.const:.string)
                  0000ae68    0000000e     adc_ex2_soc_epwm.obj (.const)

.TI.ramfunc 
*          0    000001b1    000000a9     
                  000001b1    00000068     adc_ex2_soc_epwm.obj (.TI.ramfunc:DAB_Control_ISR)
                  00000219    0000003d     adc_ex2_soc_epwm.obj (.TI.ramfunc:INT_myCPUTIMER2_ISR)
                  00000256    00000004     driverlib.lib : sysctl.obj (.TI.ramfunc)

.text.1    0    00008000    00000800     
                  00008000    0000005c     adc_ex2_soc_epwm.obj (.text:INT_ADCD_BASE_1_ISR)
                  0000805c    00000059     board.obj (.text:ADCA_BASE_init)
                  000080b5    00000054     driverlib.lib : adc.obj (.text:ADC_setOffsetTrim)
                  00008109    00000052                   : gpio.obj (.text:GPIO_setPadConfig)
                  0000815b    0000004b     adc_ex2_soc_epwm.obj (.text:EPWM_isBaseValid)
                  000081a6    0000004b     board.obj (.text:EPWM_isBaseValid)
                  000081f1    00000049     driverlib.lib : sysctl.obj (.text:SysCtl_pollX1Counter)
                  0000823a    00000047     adc_ex2_soc_epwm.obj (.text:main)
                  00008281    00000042     driverlib.lib : sysctl.obj (.text:SysCtl_selectOscSource)
                  000082c3    00000040     adc_ex2_soc_epwm.obj (.text:EPWM_setActionQualifierAction)
                  00008303    00000040     board.obj (.text:EPWM_setActionQualifierAction)
                  00008343    0000003e     board.obj (.text:EPWM_setCounterCompareShadowLoadMode)
                  00008381    0000003d     driverlib.lib : interrupt.obj (.text:Interrupt_initModule)
                  000083be    0000003a     board.obj (.text:EPWM_setADCTriggerEventPrescale)
                  000083f8    0000003a     board.obj (.text:EPWM_setActionQualifierShadowLoadMode)
                  00008432    00000039     board.obj (.text:ADCB_BASE_init)
                  0000846b    00000039     board.obj (.text:ADCC_BASE_init)
                  000084a4    00000037     driverlib.lib : gpio.obj (.text:GPIO_setPinConfig)
                  000084db    00000037                   : gpio.obj (.text:GPIO_setQualificationMode)
                  00008512    00000037                   : interrupt.obj (.text:Interrupt_enable)
                  00008549    00000036     board.obj (.text:ADC_setupSOC)
                  0000857f    00000036     driverlib.lib : sysctl.obj (.text:SysCtl_selectXTAL)
                  000085b5    00000030     rts2800_fpu64_eabi.lib : copy_decompress_lzss.c.obj (.text:decompress:lzss)
                  000085e5    0000002f     board.obj (.text:ADC_setInterruptSource)
                  00008614    0000002e     board.obj (.text:ADC_setInterruptSOCTrigger)
                  00008642    0000002c     board.obj (.text:EPWM_setDeadBandDelayMode)
                  0000866e    0000002b     rts2800_fpu64_eabi.lib : autoinit.c.obj (.text:__TI_auto_init_nobinit_nopinit)
                  00008699    0000002b     board.obj (.text:myCPUTIMER2_init)
                  000086c4    00000029     rts2800_fpu64_eabi.lib : exit.c.obj (.text)
                  000086ed    00000028     driverlib.lib : adc.obj (.text:ADC_setMode)
                  00008715    00000028     adc_ex2_soc_epwm.obj (.text:DAB_setDeadband)
                  0000873d    00000025     board.obj (.text:INTERRUPT_init)
                  00008762    00000024     driverlib.lib : dcc.obj (.text:DCC_enableSingleShotMode)
                  00008786    00000024                   : sysctl.obj (.text:DCC_enableSingleShotMode)
                  000087aa    00000024     board.obj (.text:EPWM_setDeadBandDelayPolarity)
                  000087ce    00000022     adc_ex2_soc_epwm.obj (.text:EPWM_setCounterCompareValue)
                  000087f0    0000000f     board.obj (.text:Board_init)
                  000087ff    00000001     rts2800_fpu64_eabi.lib : startup.c.obj (.text)

.text.2    0    00008800    00000800     
                  00008800    00000022     board.obj (.text:EPWM_setCounterCompareValue)
                  00008822    00000022     board.obj (.text:EPWM_setupEPWMLinks)
                  00008844    00000021     board.obj (.text:ADC_disableContinuousMode)
                  00008865    00000021     board.obj (.text:CPUTimer_selectClockSource)
                  00008886    00000021     device.obj (.text:Device_initGPIO)
                  000088a7    00000021     board.obj (.text:EPWM_enableGlobalLoadRegisters)
                  000088c8    00000020     board.obj (.text:ADC_enableInterrupt)
                  000088e8    00000020     driverlib.lib : sysctl.obj (.text:SysCtl_selectXTALSingleEnded)
                  00008908    0000001f     board.obj (.text:EPWM_setFallingEdgeDelayCountShadowLoadMode)
                  00008927    0000001f     board.obj (.text:EPWM_setGlobalLoadTrigger)
                  00008946    0000001f     board.obj (.text:EPWM_setRisingEdgeDelayCountShadowLoadMode)
                  00008965    0000001e     board.obj (.text:ADC_setSOCPriority)
                  00008983    0000001e     driverlib.lib : dcc.obj (.text:DCC_setCounter0ClkSource)
                  000089a1    0000001e                   : sysctl.obj (.text:DCC_setCounter0ClkSource)
                  000089bf    0000001e                   : dcc.obj (.text:DCC_setCounter1ClkSource)
                  000089dd    0000001e                   : sysctl.obj (.text:DCC_setCounter1ClkSource)
                  000089fb    0000001e     device.obj (.text:Device_verifyXTAL)
                  00008a19    0000001e     adc_ex2_soc_epwm.obj (.text:EPWM_setPhaseShift)
                  00008a37    0000001e     board.obj (.text:EPWM_setPhaseShift)
                  00008a55    0000001e     driverlib.lib : interrupt.obj (.text:Interrupt_initVectorTable)
                  00008a73    0000001d     board.obj (.text:EPWM_enableSyncOutPulseSource)
                  00008a90    0000001d     board.obj (.text:EPWM_setFallingEdgeDelayCount)
                  00008aad    0000001d     board.obj (.text:EPWM_setRisingEdgeDelayCount)
                  00008aca    0000001d     rts2800_fpu64_eabi.lib : memcpy.c.obj (.text)
                  00008ae7    0000001c     driverlib.lib : dcc.obj (.text:DCC_getErrorStatus)
                  00008b03    0000001c                   : dcc.obj (.text:DCC_getSingleShotStatus)
                  00008b1f    0000001c     board.obj (.text:EPWM_enableADCTrigger)
                  00008b3b    0000001c     board.obj (.text:EPWM_setClockPrescaler)
                  00008b57    0000001b     adc_ex2_soc_epwm.obj (.text:ADC_isBaseValid)
                  00008b72    0000001b     board.obj (.text:ADC_isBaseValid)
                  00008b8d    0000001b     driverlib.lib : adc.obj (.text:ADC_isBaseValid)
                  00008ba8    0000001a     board.obj (.text:CPUTimer_startTimer)
                  00008bc2    0000001a     driverlib.lib : dcc.obj (.text:DCC_isBaseValid)
                  00008bdc    0000001a                   : sysctl.obj (.text:DCC_isBaseValid)
                  00008bf6    0000001a                   : sysctl.obj (.text:SysCtl_getLowSpeedClock)
                  00008c10    00000019     adc_ex2_soc_epwm.obj (.text:EPWM_setCountModeAfterSync)
                  00008c29    00000019     board.obj (.text:EPWM_setCountModeAfterSync)
                  00008c42    00000019     rts2800_fpu64_eabi.lib : boot28.asm.obj (.text)
                  00008c5b    00000018     board.obj (.text:EPWM_disableFallingEdgeDelayCountShadowLoadMode)
                  00008c73    00000018     board.obj (.text:EPWM_disableRisingEdgeDelayCountShadowLoadMode)
                  00008c8b    00000017     board.obj (.text:CPUTimer_isBaseValid)
                  00008ca2    00000017     driverlib.lib : cputimer.obj (.text:CPUTimer_isBaseValid)
                  00008cb9    00000017     board.obj (.text:CPUTimer_setPreScaler)
                  00008cd0    00000017     device.obj (.text:SysCtl_enablePeripheral)
                  00008ce7    00000017     driverlib.lib : sysctl.obj (.text:SysCtl_enablePeripheral)
                  00008cfe    00000016     board.obj (.text:ADC_setInterruptCycleOffset)
                  00008d14    00000016     board.obj (.text:ADC_setInterruptPulseMode)
                  00008d2a    00000016     board.obj (.text:ADC_setPrescaler)
                  00008d40    00000016     driverlib.lib : dcc.obj (.text:DCC_disableDoneSignal)
                  00008d56    00000016                   : sysctl.obj (.text:DCC_disableDoneSignal)
                  00008d6c    00000016                   : dcc.obj (.text:DCC_enableDoneSignal)
                  00008d82    00000016     board.obj (.text:EPWM_setSyncInPulseSource)
                  00008d98    00000016     driverlib.lib : interrupt.obj (.text:Interrupt_defaultHandler)
                  00008dae    00000015     board.obj (.text:ADC_disableBurstMode)
                  00008dc3    00000015     board.obj (.text:CPUTimer_enableInterrupt)
                  00008dd8    00000015     driverlib.lib : dcc.obj (.text:DCC_clearDoneFlag)
                  00008ded    00000015                   : sysctl.obj (.text:DCC_clearDoneFlag)
                  00008e02    00000015                   : dcc.obj (.text:DCC_clearErrorFlag)
                  00008e17    00000015                   : sysctl.obj (.text:DCC_clearErrorFlag)
                  00008e2c    00000015                   : dcc.obj (.text:DCC_disableErrorSignal)
                  00008e41    00000015                   : sysctl.obj (.text:DCC_disableErrorSignal)
                  00008e56    00000015     board.obj (.text:EPWM_enableGlobalLoad)
                  00008e6b    00000015     board.obj (.text:EPWM_enableGlobalLoadOneShotMode)
                  00008e80    00000015     adc_ex2_soc_epwm.obj (.text:EPWM_setGlobalLoadOneShotLatch)
                  00008e95    00000015     board.obj (.text:EPWM_setGlobalLoadOneShotLatch)
                  00008eaa    00000015     device.obj (.text:GPIO_unlockPortConfig)
                  00008ebf    00000014     adc_ex2_soc_epwm.obj (.text:ADC_clearInterruptOverflowStatus)
                  00008ed3    00000014     adc_ex2_soc_epwm.obj (.text:ADC_clearInterruptStatus)
                  00008ee7    00000014     board.obj (.text:ADC_clearInterruptStatus)
                  00008efb    00000014     board.obj (.text:CPUTimer_reloadTimerCounter)
                  00008f0f    00000014     board.obj (.text:CPUTimer_stopTimer)
                  00008f23    00000014     driverlib.lib : dcc.obj (.text:DCC_disableModule)
                  00008f37    00000014                   : sysctl.obj (.text:DCC_disableModule)
                  00008f4b    00000014                   : dcc.obj (.text:DCC_enableErrorSignal)
                  00008f5f    00000014                   : dcc.obj (.text:DCC_enableModule)
                  00008f73    00000014                   : sysctl.obj (.text:DCC_enableModule)
                  00008f87    00000014     board.obj (.text:EPWM_setTimeBaseCounterMode)
                  00008f9b    00000014     adc_ex2_soc_epwm.obj (.text:EPWM_setTimeBasePeriod)
                  00008faf    00000014     board.obj (.text:EPWM_setTimeBasePeriod)
                  00008fc3    00000014     device.obj (.text:SysCtl_deviceCal)
                  00008fd7    00000013     board.obj (.text:ADC_enableConverter)
                  00008fea    00000013     driverlib.lib : cputimer.obj (.text:CPUTimer_setEmulationMode)
                  00008ffd    00000003     board.obj (.text:CPUTIMER_init)

.text.3    0    00009000    00000194     
                  00009000    00000013     device.obj (.text:Device_enableUnbondedGPIOPullupsFor176Pin)
                  00009013    00000013     adc_ex2_soc_epwm.obj (.text:EPWM_startOneShotSync)
                  00009026    00000012     board.obj (.text:EPWM_setTimeBaseCounter)
                  00009038    00000012     board.obj (.text:SysCtl_setSyncOutputConfig)
                  0000904a    00000011     board.obj (.text:CPUTimer_setPeriod)
                  0000905b    00000011     device.obj (.text:Device_enableUnbondedGPIOPullups)
                  0000906c    00000011     board.obj (.text:EPWM_disablePhaseShiftLoad)
                  0000907d    00000011     board.obj (.text:EPWM_enablePhaseShiftLoad)
                  0000908e    00000011     device.obj (.text:SysCtl_setCMClk)
                  0000909f    0000000f     board.obj (.text:Interrupt_register)
                  000090ae    0000000f     driverlib.lib : ipc.obj (.text:Interrupt_unregister)
                  000090bd    0000000e                   : gpio.obj (.text:GPIO_isPinValid)
                  000090cb    0000000d                   : interrupt.obj (.text:Interrupt_disableGlobal)
                  000090d8    0000000d                   : interrupt.obj (.text:Interrupt_enableGlobal)
                  000090e5    0000000d     device.obj (.text:SysCtl_setLowSpeedClock)
                  000090f2    0000000d     rts2800_fpu64_eabi.lib : copy_zero_init.c.obj (.text:decompress:ZI:__TI_zero_init_nomemset)
                  000090ff    0000000c     board.obj (.text:SysCtl_enableExtADCSOCSource)
                  0000910b    0000000c     driverlib.lib : sysctl.obj (.text:SysCtl_setPLLSysClk)
                  00009117    0000000c     rts2800_fpu64_eabi.lib : args_main.c.obj (.text)
                  00009123    0000000b     driverlib.lib : sysctl.obj (.text:SysCtl_isMCDClockFailureDetected)
                  0000912e    0000000a                   : interrupt.obj (.text:Interrupt_illegalOperationHandler)
                  00009138    0000000a                   : interrupt.obj (.text:Interrupt_nmiHandler)
                  00009142    0000000a     board.obj (.text:SYNC_init)
                  0000914c    00000009     board.obj (.text:ADC_init)
                  00009155    00000009     rts2800_fpu64_eabi.lib : _lock.c.obj (.text)
                  0000915e    00000008     adc_ex2_soc_epwm.obj (.text:DAB_enablePWM)
                  00009166    00000008     device.obj (.text:SysCtl_disableWatchdog)
                  0000916e    00000008     rts2800_fpu64_eabi.lib : copy_decompress_none.c.obj (.text:decompress:none)
                  00009176    00000008     f2838x_codestartbranch.obj (.text)
                  0000917e    00000007     driverlib.lib : sysctl.obj (.text:SysCtl_resetMCD)
                  00009185    00000007     device.obj (.text:__error__)
                  0000918c    00000006     adc_ex2_soc_epwm.obj (.text:Interrupt_clearACKGroup)
                  00009192    00000002     rts2800_fpu64_eabi.lib : pre_init.c.obj (.text)

.text.4    0    0000c000    00000800     
                  0000c000    000003fa     board.obj (.text:EPWM_init)
                  0000c3fa    00000167     device.obj (.text:Device_enableAllPeripherals)
                  0000c561    00000132     driverlib.lib : sysctl.obj (.text:SysCtl_setClock)
                  0000c693    00000118                   : sysctl.obj (.text:SysCtl_isPLLValid)
                  0000c7ab    00000055                   : sysctl.obj (.text:SysCtl_selectOscSourceAuxPLL)

.text.5    0    0000c800    00000800     
                  0000c800    00000113     driverlib.lib : sysctl.obj (.text:SysCtl_setAuxClock)
                  0000c913    000000cb                   : dcc.obj (.text:DCC_verifyClockFrequency)
                  0000c9de    000000bc     adc_ex2_soc_epwm.obj (.text:DAB_SOCA_MEAS)
                  0000ca9a    000000a6     adc_ex2_soc_epwm.obj (.text:DAB_setPhaseShift_Base)
                  0000cb40    00000088     rts2800_fpu64_eabi.lib : fs_div28.asm.obj (.text)
                  0000cbc8    00000075     board.obj (.text:EPWM_setADCTriggerSource)
                  0000cc3d    00000073     driverlib.lib : dcc.obj (.text:DCC_setCounterSeeds)
                  0000ccb0    00000073                   : sysctl.obj (.text:DCC_setCounterSeeds)
                  0000cd23    00000073     board.obj (.text:PinMux_init)
                  0000cd96    0000006c     driverlib.lib : adc.obj (.text:ADC_setINLTrim)
                  0000ce02    00000068     board.obj (.text:ADCD_BASE_init)
                  0000ce6a    00000061     driverlib.lib : sysctl.obj (.text:SysCtl_getAuxClock)
                  0000cecb    00000060                   : sysctl.obj (.text:SysCtl_getClock)
                  0000cf2b    0000005c     device.obj (.text:Device_init)
                  0000cf87    0000005c     adc_ex2_soc_epwm.obj (.text:INT_ADCA_BASE_1_ISR)
                  0000cfe3    0000001d     adc_ex2_soc_epwm.obj (.text:ADC_getInterruptOverflowStatus)

MODULE SUMMARY

       Module                       code   ro data   rw data
       ------                       ----   -------   -------
    ./
       adc_ex2_soc_epwm.obj         1212   162       556    
    +--+----------------------------+------+---------+---------+
       Total:                       1212   162       556    
                                                            
    ./device/
       device.obj                   659    93        0      
       f2838x_codestartbranch.obj   10     0         0      
    +--+----------------------------+------+---------+---------+
       Total:                       669    93        0      
                                                            
    ./syscfg/
       board.obj                    3311   226       0      
    +--+----------------------------+------+---------+---------+
       Total:                       3311   226       0      
                                                            
    /Applications/ti/ccs1281/ccs/tools/compiler/ti-cgt-c2000_22.6.1.LTS/lib/rts2800_fpu64_eabi.lib
       fs_div28.asm.obj             136    0         0      
       copy_decompress_lzss.c.obj   48     0         0      
       exit.c.obj                   41     0         6      
       autoinit.c.obj               43     0         0      
       memcpy.c.obj                 29     0         0      
       boot28.asm.obj               25     0         0      
       _lock.c.obj                  9      0         4      
       copy_zero_init.c.obj         13     0         0      
       args_main.c.obj              12     0         0      
       copy_decompress_none.c.obj   8      0         0      
       pre_init.c.obj               2      0         0      
       startup.c.obj                1      0         0      
    +--+----------------------------+------+---------+---------+
       Total:                       367    0         10     
                                                            
    /Users/Shenshen/ti/C2000Ware_5_00_00_00/driverlib/f2838x/driverlib/ccs/Debug/driverlib.lib
       sysctl.obj                   1809   151       0      
       dcc.obj                      663    148       0      
       gpio.obj                     206    151       0      
       adc.obj                      259    74        0      
       interrupt.obj                214    0         0      
       cputimer.obj                 42     79        0      
       ipc.obj                      15     0         0      
    +--+----------------------------+------+---------+---------+
       Total:                       3208   603       0      
                                                            
       Stack:                       0      0         1016   
       Linker Generated:            0      27        0      
    +--+----------------------------+------+---------+---------+
       Grand Total:                 8767   1111      1582   


LINKER GENERATED COPY TABLES

__TI_cinit_table @ 0000026e records: 2, size/record: 4, table size: 8
	.data: load addr=0000025a, load size=00000009 bytes, run addr=0000aa2a, run size=0000000c bytes, compression=lzss
	.bss: load addr=0000026a, load size=00000004 bytes, run addr=0000a800, run size=0000022a bytes, compression=zero_init


LINKER GENERATED HANDLER TABLE

__TI_handler_table @ 00000264 records: 3, size/record: 2, table size: 6
	index: 0, handler: __TI_zero_init
	index: 1, handler: __TI_decompress_lzss
	index: 2, handler: __TI_decompress_none


GLOBAL DATA SYMBOLS: SORTED BY DATA PAGE

address     data page           name
--------    ----------------    ----
00000400      10 (00000400)     __stack

0000a800     2a0 (0000a800)     myADC0Results

0000a900     2a4 (0000a900)     myADC1Results

0000aa00     2a8 (0000aa00)     index0
0000aa01     2a8 (0000aa00)     index1
0000aa02     2a8 (0000aa00)     bufferFull
0000aa04     2a8 (0000aa00)     PS_meas
0000aa06     2a8 (0000aa00)     meas1v65
0000aa08     2a8 (0000aa00)     cur_state
0000aa2a     2a8 (0000aa00)     __TI_enable_exit_profile_output
0000aa2c     2a8 (0000aa00)     __TI_cleanup_ptr
0000aa2e     2a8 (0000aa00)     __TI_dtors_ptr
0000aa30     2a8 (0000aa00)     _lock
0000aa32     2a8 (0000aa00)     _unlock
0000aa34     2a8 (0000aa00)     targetTheta

0000ae68     2b9 (0000ae40)     adcscalerDAB
0000ae6a     2b9 (0000ae40)     g_ISEC
0000ae6c     2b9 (0000ae40)     g_TEMP
0000ae6e     2b9 (0000ae40)     g_VSEC
0000ae70     2b9 (0000ae40)     g_IPRIM
0000ae72     2b9 (0000ae40)     g_ITANK
0000ae74     2b9 (0000ae40)     g_VPRIM


GLOBAL SYMBOLS: SORTED ALPHABETICALLY BY Name 

page  address   name                                     
----  -------   ----                                     
0     0000805c  ADCA_BASE_init                           
0     00008432  ADCB_BASE_init                           
0     0000846b  ADCC_BASE_init                           
0     0000ce02  ADCD_BASE_init                           
0     0000914c  ADC_init                                 
0     0000cd96  ADC_setINLTrim                           
0     000086ed  ADC_setMode                              
0     000080b5  ADC_setOffsetTrim                        
0     000087f0  Board_init                               
0     000086c4  C$$EXIT                                  
0     00008ffd  CPUTIMER_init                            
0     00008fea  CPUTimer_setEmulationMode                
0     000001b1  DAB_Control_ISR                          
0     0000c9de  DAB_SOCA_MEAS                            
0     0000915e  DAB_enablePWM                            
0     0000ca9a  DAB_setPhaseShift_Base                   
0     0000c913  DCC_verifyClockFrequency                 
0     0000c3fa  Device_enableAllPeripherals              
0     0000905b  Device_enableUnbondedGPIOPullups         
0     00009000  Device_enableUnbondedGPIOPullupsFor176Pin
0     0000cf2b  Device_init                              
0     00008886  Device_initGPIO                          
0     000089fb  Device_verifyXTAL                        
0     0000c000  EPWM_init                                
0     00008109  GPIO_setPadConfig                        
0     000084a4  GPIO_setPinConfig                        
0     000084db  GPIO_setQualificationMode                
0     0000873d  INTERRUPT_init                           
0     0000cf87  INT_ADCA_BASE_1_ISR                      
0     00008000  INT_ADCD_BASE_1_ISR                      
0     00000219  INT_myCPUTIMER2_ISR                      
0     00008d98  Interrupt_defaultHandler                 
0     00008512  Interrupt_enable                         
0     0000912e  Interrupt_illegalOperationHandler        
0     00008381  Interrupt_initModule                     
0     00008a55  Interrupt_initVectorTable                
0     00009138  Interrupt_nmiHandler                     
0     0000aa04  PS_meas                                  
0     0000cd23  PinMux_init                              
0     00009142  SYNC_init                                
0     00000256  SysCtl_delay                             
0     0000ce6a  SysCtl_getAuxClock                       
0     0000cecb  SysCtl_getClock                          
0     00008bf6  SysCtl_getLowSpeedClock                  
0     0000c693  SysCtl_isPLLValid                        
0     00008281  SysCtl_selectOscSource                   
0     0000c7ab  SysCtl_selectOscSourceAuxPLL             
0     0000857f  SysCtl_selectXTAL                        
0     000088e8  SysCtl_selectXTALSingleEnded             
0     0000c800  SysCtl_setAuxClock                       
0     0000c561  SysCtl_setClock                          
0     0000026e  __TI_CINIT_Base                          
0     00000276  __TI_CINIT_Limit                         
0     00000276  __TI_CINIT_Warm                          
0     00000264  __TI_Handler_Table_Base                  
0     0000026a  __TI_Handler_Table_Limit                 
0     000007f8  __TI_STACK_END                           
abs   000003f8  __TI_STACK_SIZE                          
0     0000866e  __TI_auto_init_nobinit_nopinit           
0     0000aa2c  __TI_cleanup_ptr                         
0     000085b5  __TI_decompress_lzss                     
0     0000916e  __TI_decompress_none                     
0     0000aa2e  __TI_dtors_ptr                           
0     0000aa2a  __TI_enable_exit_profile_output          
abs   ffffffff  __TI_pprof_out_hndl                      
abs   ffffffff  __TI_prof_data_size                      
abs   ffffffff  __TI_prof_data_start                     
0     000090f2  __TI_zero_init_nomemset                  
0     0000cb40  __c28xabi_divf                           
n/a   UNDEFED   __c_args__                               
0     00009185  __error__                                
0     00000400  __stack                                  
0     00009117  _args_main                               
0     00008c42  _c_int00                                 
0     0000aa30  _lock                                    
0     0000915d  _nop                                     
0     00009159  _register_lock                           
0     00009155  _register_unlock                         
0     000087ff  _system_post_cinit                       
0     00009192  _system_pre_init                         
0     0000aa32  _unlock                                  
0     000086c4  abort                                    
0     0000ae68  adcscalerDAB                             
0     0000aa02  bufferFull                               
0     00000000  code_start                               
0     0000aa08  cur_state                                
0     000086c6  exit                                     
0     0000ae70  g_IPRIM                                  
0     0000ae6a  g_ISEC                                   
0     0000ae72  g_ITANK                                  
0     0000ae6c  g_TEMP                                   
0     0000ae74  g_VPRIM                                  
0     0000ae6e  g_VSEC                                   
0     0000aa00  index0                                   
0     0000aa01  index1                                   
0     0000823a  main                                     
0     0000aa06  meas1v65                                 
0     00008aca  memcpy                                   
0     0000a800  myADC0Results                            
0     0000a900  myADC1Results                            
0     00008699  myCPUTIMER2_init                         
0     0000aa34  targetTheta                              


GLOBAL SYMBOLS: SORTED BY Symbol Address 

page  address   name                                     
----  -------   ----                                     
0     00000000  code_start                               
0     000001b1  DAB_Control_ISR                          
0     00000219  INT_myCPUTIMER2_ISR                      
0     00000256  SysCtl_delay                             
0     00000264  __TI_Handler_Table_Base                  
0     0000026a  __TI_Handler_Table_Limit                 
0     0000026e  __TI_CINIT_Base                          
0     00000276  __TI_CINIT_Limit                         
0     00000276  __TI_CINIT_Warm                          
0     00000400  __stack                                  
0     000007f8  __TI_STACK_END                           
0     00008000  INT_ADCD_BASE_1_ISR                      
0     0000805c  ADCA_BASE_init                           
0     000080b5  ADC_setOffsetTrim                        
0     00008109  GPIO_setPadConfig                        
0     0000823a  main                                     
0     00008281  SysCtl_selectOscSource                   
0     00008381  Interrupt_initModule                     
0     00008432  ADCB_BASE_init                           
0     0000846b  ADCC_BASE_init                           
0     000084a4  GPIO_setPinConfig                        
0     000084db  GPIO_setQualificationMode                
0     00008512  Interrupt_enable                         
0     0000857f  SysCtl_selectXTAL                        
0     000085b5  __TI_decompress_lzss                     
0     0000866e  __TI_auto_init_nobinit_nopinit           
0     00008699  myCPUTIMER2_init                         
0     000086c4  C$$EXIT                                  
0     000086c4  abort                                    
0     000086c6  exit                                     
0     000086ed  ADC_setMode                              
0     0000873d  INTERRUPT_init                           
0     000087f0  Board_init                               
0     000087ff  _system_post_cinit                       
0     00008886  Device_initGPIO                          
0     000088e8  SysCtl_selectXTALSingleEnded             
0     000089fb  Device_verifyXTAL                        
0     00008a55  Interrupt_initVectorTable                
0     00008aca  memcpy                                   
0     00008bf6  SysCtl_getLowSpeedClock                  
0     00008c42  _c_int00                                 
0     00008d98  Interrupt_defaultHandler                 
0     00008fea  CPUTimer_setEmulationMode                
0     00008ffd  CPUTIMER_init                            
0     00009000  Device_enableUnbondedGPIOPullupsFor176Pin
0     0000905b  Device_enableUnbondedGPIOPullups         
0     000090f2  __TI_zero_init_nomemset                  
0     00009117  _args_main                               
0     0000912e  Interrupt_illegalOperationHandler        
0     00009138  Interrupt_nmiHandler                     
0     00009142  SYNC_init                                
0     0000914c  ADC_init                                 
0     00009155  _register_unlock                         
0     00009159  _register_lock                           
0     0000915d  _nop                                     
0     0000915e  DAB_enablePWM                            
0     0000916e  __TI_decompress_none                     
0     00009185  __error__                                
0     00009192  _system_pre_init                         
0     0000a800  myADC0Results                            
0     0000a900  myADC1Results                            
0     0000aa00  index0                                   
0     0000aa01  index1                                   
0     0000aa02  bufferFull                               
0     0000aa04  PS_meas                                  
0     0000aa06  meas1v65                                 
0     0000aa08  cur_state                                
0     0000aa2a  __TI_enable_exit_profile_output          
0     0000aa2c  __TI_cleanup_ptr                         
0     0000aa2e  __TI_dtors_ptr                           
0     0000aa30  _lock                                    
0     0000aa32  _unlock                                  
0     0000aa34  targetTheta                              
0     0000ae68  adcscalerDAB                             
0     0000ae6a  g_ISEC                                   
0     0000ae6c  g_TEMP                                   
0     0000ae6e  g_VSEC                                   
0     0000ae70  g_IPRIM                                  
0     0000ae72  g_ITANK                                  
0     0000ae74  g_VPRIM                                  
0     0000c000  EPWM_init                                
0     0000c3fa  Device_enableAllPeripherals              
0     0000c561  SysCtl_setClock                          
0     0000c693  SysCtl_isPLLValid                        
0     0000c7ab  SysCtl_selectOscSourceAuxPLL             
0     0000c800  SysCtl_setAuxClock                       
0     0000c913  DCC_verifyClockFrequency                 
0     0000c9de  DAB_SOCA_MEAS                            
0     0000ca9a  DAB_setPhaseShift_Base                   
0     0000cb40  __c28xabi_divf                           
0     0000cd23  PinMux_init                              
0     0000cd96  ADC_setINLTrim                           
0     0000ce02  ADCD_BASE_init                           
0     0000ce6a  SysCtl_getAuxClock                       
0     0000cecb  SysCtl_getClock                          
0     0000cf2b  Device_init                              
0     0000cf87  INT_ADCA_BASE_1_ISR                      
abs   000003f8  __TI_STACK_SIZE                          
abs   ffffffff  __TI_pprof_out_hndl                      
abs   ffffffff  __TI_prof_data_size                      
abs   ffffffff  __TI_prof_data_start                     
n/a   UNDEFED   __c_args__                               

[102 symbols]
